TimeQuest Timing Analyzer report for Lab04
Wed Dec 06 19:04:40 2023
Quartus II 64-Bit Version 13.0.1 Build 232 06/12/2013 Service Pack 1 SJ Web Edition


---------------------
; Table of Contents ;
---------------------
  1. Legal Notice
  2. TimeQuest Timing Analyzer Summary
  3. Parallel Compilation
  4. Clocks
  5. Slow 1200mV 85C Model Fmax Summary
  6. Timing Closure Recommendations
  7. Slow 1200mV 85C Model Setup Summary
  8. Slow 1200mV 85C Model Hold Summary
  9. Slow 1200mV 85C Model Recovery Summary
 10. Slow 1200mV 85C Model Removal Summary
 11. Slow 1200mV 85C Model Minimum Pulse Width Summary
 12. Propagation Delay
 13. Minimum Propagation Delay
 14. Slow 1200mV 85C Model Metastability Report
 15. Slow 1200mV 0C Model Fmax Summary
 16. Slow 1200mV 0C Model Setup Summary
 17. Slow 1200mV 0C Model Hold Summary
 18. Slow 1200mV 0C Model Recovery Summary
 19. Slow 1200mV 0C Model Removal Summary
 20. Slow 1200mV 0C Model Minimum Pulse Width Summary
 21. Propagation Delay
 22. Minimum Propagation Delay
 23. Slow 1200mV 0C Model Metastability Report
 24. Fast 1200mV 0C Model Setup Summary
 25. Fast 1200mV 0C Model Hold Summary
 26. Fast 1200mV 0C Model Recovery Summary
 27. Fast 1200mV 0C Model Removal Summary
 28. Fast 1200mV 0C Model Minimum Pulse Width Summary
 29. Propagation Delay
 30. Minimum Propagation Delay
 31. Fast 1200mV 0C Model Metastability Report
 32. Multicorner Timing Analysis Summary
 33. Progagation Delay
 34. Minimum Progagation Delay
 35. Board Trace Model Assignments
 36. Input Transition Times
 37. Slow Corner Signal Integrity Metrics
 38. Fast Corner Signal Integrity Metrics
 39. Clock Transfers
 40. Report TCCS
 41. Report RSKM
 42. Unconstrained Paths
 43. TimeQuest Timing Analyzer Messages



----------------
; Legal Notice ;
----------------
Copyright (C) 1991-2013 Altera Corporation
Your use of Altera Corporation's design tools, logic functions 
and other software and tools, and its AMPP partner logic 
functions, and any output files from any of the foregoing 
(including device programming or simulation files), and any 
associated documentation or information are expressly subject 
to the terms and conditions of the Altera Program License 
Subscription Agreement, Altera MegaCore Function License 
Agreement, or other applicable license agreement, including, 
without limitation, that your use is for the sole purpose of 
programming logic devices manufactured by Altera and sold by 
Altera or its authorized distributors.  Please refer to the 
applicable agreement for further details.



+----------------------------------------------------------------------------------------+
; TimeQuest Timing Analyzer Summary                                                      ;
+--------------------+-------------------------------------------------------------------+
; Quartus II Version ; Version 13.0.1 Build 232 06/12/2013 Service Pack 1 SJ Web Edition ;
; Revision Name      ; Lab04                                                             ;
; Device Family      ; Cyclone III                                                       ;
; Device Name        ; EP3C16F484C6                                                      ;
; Timing Models      ; Final                                                             ;
; Delay Model        ; Combined                                                          ;
; Rise/Fall Delays   ; Enabled                                                           ;
+--------------------+-------------------------------------------------------------------+


Parallel compilation was disabled, but you have multiple processors available. Enable parallel compilation to reduce compilation time.
+-------------------------------------+
; Parallel Compilation                ;
+----------------------------+--------+
; Processors                 ; Number ;
+----------------------------+--------+
; Number detected on machine ; 4      ;
; Maximum allowed            ; 1      ;
+----------------------------+--------+


----------
; Clocks ;
----------
No clocks to report.


--------------------------------------
; Slow 1200mV 85C Model Fmax Summary ;
--------------------------------------
No paths to report.


----------------------------------
; Timing Closure Recommendations ;
----------------------------------
HTML report is unavailable in plain text report export.


---------------------------------------
; Slow 1200mV 85C Model Setup Summary ;
---------------------------------------
No paths to report.


--------------------------------------
; Slow 1200mV 85C Model Hold Summary ;
--------------------------------------
No paths to report.


------------------------------------------
; Slow 1200mV 85C Model Recovery Summary ;
------------------------------------------
No paths to report.


-----------------------------------------
; Slow 1200mV 85C Model Removal Summary ;
-----------------------------------------
No paths to report.


-----------------------------------------------------
; Slow 1200mV 85C Model Minimum Pulse Width Summary ;
-----------------------------------------------------
No paths to report.


+--------------------------------------------------------------+
; Propagation Delay                                            ;
+------------+-------------+--------+--------+--------+--------+
; Input Port ; Output Port ; RR     ; RF     ; FR     ; FF     ;
+------------+-------------+--------+--------+--------+--------+
; In_A[0]    ; A           ; 8.857  ; 8.822  ; 9.366  ; 9.331  ;
; In_A[0]    ; B           ; 8.863  ; 8.830  ; 9.372  ; 9.339  ;
; In_A[0]    ; C           ; 9.374  ; 9.333  ; 9.883  ; 9.842  ;
; In_A[0]    ; D           ; 9.343  ; 9.285  ; 9.852  ; 9.794  ;
; In_A[0]    ; E           ; 9.347  ; 9.265  ; 9.856  ; 9.678  ;
; In_A[0]    ; F           ; 9.340  ; 9.303  ; 9.849  ; 9.812  ;
; In_A[0]    ; FLAG_N      ; 7.470  ; 7.423  ; 7.883  ; 7.932  ;
; In_A[0]    ; FLAG_Z      ; 10.014 ; 9.986  ; 10.523 ; 10.399 ;
; In_A[0]    ; G           ; 9.369  ; 9.330  ; 9.878  ; 9.839  ;
; In_A[1]    ; A           ; 9.126  ; 9.091  ; 9.709  ; 9.674  ;
; In_A[1]    ; B           ; 9.132  ; 9.099  ; 9.715  ; 9.682  ;
; In_A[1]    ; C           ; 9.643  ; 9.602  ; 10.226 ; 10.185 ;
; In_A[1]    ; D           ; 9.612  ; 9.554  ; 10.195 ; 10.137 ;
; In_A[1]    ; E           ; 9.616  ; 9.534  ; 10.199 ; 10.021 ;
; In_A[1]    ; F           ; 9.609  ; 9.572  ; 10.192 ; 10.155 ;
; In_A[1]    ; FLAG_N      ; 7.739  ; 7.692  ; 8.226  ; 8.275  ;
; In_A[1]    ; FLAG_Z      ; 10.283 ; 10.255 ; 10.866 ; 10.742 ;
; In_A[1]    ; G           ; 9.638  ; 9.599  ; 10.221 ; 10.182 ;
; In_A[2]    ; A           ; 8.746  ; 8.672  ; 9.183  ; 9.148  ;
; In_A[2]    ; B           ; 8.727  ; 8.679  ; 9.189  ; 9.156  ;
; In_A[2]    ; C           ; 9.265  ; 9.185  ; 9.700  ; 9.659  ;
; In_A[2]    ; D           ; 9.232  ; 9.136  ; 9.669  ; 9.611  ;
; In_A[2]    ; E           ; 9.235  ; 9.148  ; 9.673  ; 9.572  ;
; In_A[2]    ; F           ; 9.232  ; 9.156  ; 9.666  ; 9.629  ;
; In_A[2]    ; FLAG_N      ; 7.281  ; 7.234  ; 7.700  ; 7.749  ;
; In_A[2]    ; FLAG_Z      ; 9.860  ; 9.845  ; 10.340 ; 10.269 ;
; In_A[2]    ; G           ; 9.248  ; 9.170  ; 9.695  ; 9.656  ;
; In_A[3]    ; A           ; 7.966  ; 7.931  ; 8.367  ; 8.332  ;
; In_A[3]    ; B           ; 7.972  ; 7.939  ; 8.373  ; 8.340  ;
; In_A[3]    ; C           ; 8.483  ; 8.442  ; 8.884  ; 8.843  ;
; In_A[3]    ; D           ; 8.452  ; 8.394  ; 8.853  ; 8.795  ;
; In_A[3]    ; E           ; 8.456  ; 8.346  ; 8.857  ; 8.744  ;
; In_A[3]    ; F           ; 8.449  ; 8.412  ; 8.850  ; 8.813  ;
; In_A[3]    ; FLAG_N      ; 6.551  ; 6.532  ; 6.949  ; 6.933  ;
; In_A[3]    ; FLAG_Z      ; 9.123  ; 9.067  ; 9.524  ; 9.465  ;
; In_A[3]    ; G           ; 8.478  ; 8.439  ; 8.879  ; 8.840  ;
; In_B[0]    ; A           ; 8.995  ; 8.960  ; 9.535  ; 9.500  ;
; In_B[0]    ; B           ; 9.001  ; 8.968  ; 9.541  ; 9.508  ;
; In_B[0]    ; C           ; 9.512  ; 9.471  ; 10.052 ; 10.011 ;
; In_B[0]    ; D           ; 9.481  ; 9.423  ; 10.021 ; 9.963  ;
; In_B[0]    ; E           ; 9.485  ; 9.403  ; 10.025 ; 9.847  ;
; In_B[0]    ; F           ; 9.478  ; 9.441  ; 10.018 ; 9.981  ;
; In_B[0]    ; FLAG_N      ; 7.608  ; 7.561  ; 8.052  ; 8.101  ;
; In_B[0]    ; FLAG_Z      ; 10.152 ; 10.124 ; 10.692 ; 10.568 ;
; In_B[0]    ; G           ; 9.507  ; 9.468  ; 10.047 ; 10.008 ;
; In_B[1]    ; A           ; 9.090  ; 9.055  ; 9.664  ; 9.629  ;
; In_B[1]    ; B           ; 9.096  ; 9.063  ; 9.670  ; 9.637  ;
; In_B[1]    ; C           ; 9.607  ; 9.566  ; 10.181 ; 10.140 ;
; In_B[1]    ; D           ; 9.576  ; 9.518  ; 10.150 ; 10.092 ;
; In_B[1]    ; E           ; 9.580  ; 9.498  ; 10.154 ; 9.976  ;
; In_B[1]    ; F           ; 9.573  ; 9.536  ; 10.147 ; 10.110 ;
; In_B[1]    ; FLAG_N      ; 7.703  ; 7.656  ; 8.181  ; 8.230  ;
; In_B[1]    ; FLAG_Z      ; 10.247 ; 10.219 ; 10.821 ; 10.697 ;
; In_B[1]    ; G           ; 9.602  ; 9.563  ; 10.176 ; 10.137 ;
; In_B[2]    ; A           ; 8.899  ; 8.825  ; 9.338  ; 9.264  ;
; In_B[2]    ; B           ; 8.880  ; 8.832  ; 9.319  ; 9.271  ;
; In_B[2]    ; C           ; 9.418  ; 9.338  ; 9.857  ; 9.777  ;
; In_B[2]    ; D           ; 9.385  ; 9.289  ; 9.824  ; 9.728  ;
; In_B[2]    ; E           ; 9.388  ; 9.301  ; 9.827  ; 9.740  ;
; In_B[2]    ; F           ; 9.385  ; 9.309  ; 9.824  ; 9.748  ;
; In_B[2]    ; FLAG_N      ; 7.057  ; 7.010  ; 7.424  ; 7.473  ;
; In_B[2]    ; FLAG_Z      ; 10.013 ; 9.998  ; 10.452 ; 10.437 ;
; In_B[2]    ; G           ; 9.401  ; 9.323  ; 9.840  ; 9.762  ;
; In_B[3]    ; A           ; 8.387  ; 8.352  ; 8.829  ; 8.794  ;
; In_B[3]    ; B           ; 8.393  ; 8.360  ; 8.835  ; 8.802  ;
; In_B[3]    ; C           ; 8.904  ; 8.863  ; 9.346  ; 9.305  ;
; In_B[3]    ; D           ; 8.873  ; 8.815  ; 9.315  ; 9.257  ;
; In_B[3]    ; E           ; 8.877  ; 8.767  ; 9.319  ; 9.209  ;
; In_B[3]    ; F           ; 8.870  ; 8.833  ; 9.312  ; 9.275  ;
; In_B[3]    ; FLAG_N      ; 6.972  ; 6.953  ; 7.414  ; 7.395  ;
; In_B[3]    ; FLAG_Z      ; 9.544  ; 9.488  ; 9.986  ; 9.930  ;
; In_B[3]    ; G           ; 8.899  ; 8.860  ; 9.341  ; 9.302  ;
; op_sel[0]  ; A           ; 8.784  ; 8.718  ; 9.234  ; 9.168  ;
; op_sel[0]  ; B           ; 8.746  ; 8.698  ; 9.196  ; 9.148  ;
; op_sel[0]  ; C           ; 9.261  ; 9.208  ; 9.711  ; 9.658  ;
; op_sel[0]  ; D           ; 9.269  ; 9.176  ; 9.719  ; 9.626  ;
; op_sel[0]  ; E           ; 9.258  ; 9.182  ; 9.708  ; 9.632  ;
; op_sel[0]  ; F           ; 9.229  ; 9.180  ; 9.679  ; 9.630  ;
; op_sel[0]  ; FLAG_N      ; 6.870  ; 6.851  ; 7.321  ; 7.302  ;
; op_sel[0]  ; FLAG_Z      ; 9.886  ; 9.868  ; 10.336 ; 10.318 ;
; op_sel[0]  ; G           ; 9.285  ; 9.210  ; 9.735  ; 9.660  ;
; op_sel[1]  ; A           ; 9.102  ; 9.036  ; 9.560  ; 9.494  ;
; op_sel[1]  ; B           ; 9.064  ; 9.016  ; 9.522  ; 9.474  ;
; op_sel[1]  ; C           ; 9.579  ; 9.526  ; 10.037 ; 9.984  ;
; op_sel[1]  ; D           ; 9.587  ; 9.494  ; 10.045 ; 9.952  ;
; op_sel[1]  ; E           ; 9.576  ; 9.500  ; 10.034 ; 9.958  ;
; op_sel[1]  ; F           ; 9.547  ; 9.498  ; 10.005 ; 9.956  ;
; op_sel[1]  ; FLAG_N      ; 7.186  ; 7.167  ; 7.641  ; 7.622  ;
; op_sel[1]  ; FLAG_Z      ; 10.204 ; 10.186 ; 10.662 ; 10.644 ;
; op_sel[1]  ; G           ; 9.603  ; 9.528  ; 10.061 ; 9.986  ;
+------------+-------------+--------+--------+--------+--------+


+----------------------------------------------------------+
; Minimum Propagation Delay                                ;
+------------+-------------+-------+-------+-------+-------+
; Input Port ; Output Port ; RR    ; RF    ; FR    ; FF    ;
+------------+-------------+-------+-------+-------+-------+
; In_A[0]    ; A           ; 7.832 ; 7.773 ; 8.226 ; 8.158 ;
; In_A[0]    ; B           ; 7.839 ; 7.782 ; 8.233 ; 8.172 ;
; In_A[0]    ; C           ; 8.343 ; 8.262 ; 8.728 ; 8.656 ;
; In_A[0]    ; D           ; 8.279 ; 8.221 ; 8.673 ; 8.615 ;
; In_A[0]    ; E           ; 8.286 ; 8.257 ; 8.680 ; 8.642 ;
; In_A[0]    ; F           ; 8.279 ; 8.232 ; 8.673 ; 8.617 ;
; In_A[0]    ; FLAG_N      ; 7.283 ; 7.237 ; 7.685 ; 7.731 ;
; In_A[0]    ; FLAG_Z      ; 8.992 ; 8.973 ; 9.377 ; 9.367 ;
; In_A[0]    ; G           ; 8.302 ; 8.255 ; 8.696 ; 8.649 ;
; In_A[1]    ; A           ; 8.338 ; 8.266 ; 8.747 ; 8.684 ;
; In_A[1]    ; B           ; 8.308 ; 8.275 ; 8.726 ; 8.684 ;
; In_A[1]    ; C           ; 8.799 ; 8.776 ; 9.217 ; 9.185 ;
; In_A[1]    ; D           ; 8.766 ; 8.707 ; 9.184 ; 9.125 ;
; In_A[1]    ; E           ; 8.808 ; 8.719 ; 9.217 ; 9.137 ;
; In_A[1]    ; F           ; 8.766 ; 8.748 ; 9.184 ; 9.164 ;
; In_A[1]    ; FLAG_N      ; 7.490 ; 7.444 ; 7.929 ; 7.975 ;
; In_A[1]    ; FLAG_Z      ; 9.479 ; 9.448 ; 9.888 ; 9.866 ;
; In_A[1]    ; G           ; 8.781 ; 8.737 ; 9.199 ; 9.155 ;
; In_A[2]    ; A           ; 8.370 ; 8.303 ; 8.772 ; 8.705 ;
; In_A[2]    ; B           ; 8.380 ; 8.317 ; 8.782 ; 8.719 ;
; In_A[2]    ; C           ; 8.863 ; 8.790 ; 9.265 ; 9.192 ;
; In_A[2]    ; D           ; 8.838 ; 8.748 ; 9.240 ; 9.150 ;
; In_A[2]    ; E           ; 8.845 ; 8.762 ; 9.258 ; 9.164 ;
; In_A[2]    ; F           ; 8.832 ; 8.763 ; 9.234 ; 9.165 ;
; In_A[2]    ; FLAG_N      ; 7.051 ; 7.005 ; 7.453 ; 7.499 ;
; In_A[2]    ; FLAG_Z      ; 9.491 ; 9.466 ; 9.905 ; 9.868 ;
; In_A[2]    ; G           ; 8.861 ; 8.790 ; 9.263 ; 9.192 ;
; In_A[3]    ; A           ; 7.708 ; 7.641 ; 8.103 ; 8.036 ;
; In_A[3]    ; B           ; 7.718 ; 7.655 ; 8.113 ; 8.050 ;
; In_A[3]    ; C           ; 8.201 ; 8.128 ; 8.596 ; 8.523 ;
; In_A[3]    ; D           ; 8.176 ; 8.086 ; 8.571 ; 8.481 ;
; In_A[3]    ; E           ; 8.219 ; 8.100 ; 8.610 ; 8.495 ;
; In_A[3]    ; F           ; 8.170 ; 8.101 ; 8.565 ; 8.496 ;
; In_A[3]    ; FLAG_N      ; 6.389 ; 6.379 ; 6.784 ; 6.770 ;
; In_A[3]    ; FLAG_Z      ; 8.866 ; 8.804 ; 9.257 ; 9.199 ;
; In_A[3]    ; G           ; 8.199 ; 8.128 ; 8.594 ; 8.523 ;
; In_B[0]    ; A           ; 7.947 ; 7.907 ; 8.354 ; 8.291 ;
; In_B[0]    ; B           ; 7.949 ; 7.884 ; 8.333 ; 8.300 ;
; In_B[0]    ; C           ; 8.440 ; 8.385 ; 8.824 ; 8.784 ;
; In_B[0]    ; D           ; 8.407 ; 8.339 ; 8.791 ; 8.732 ;
; In_B[0]    ; E           ; 8.417 ; 8.360 ; 8.808 ; 8.744 ;
; In_B[0]    ; F           ; 8.407 ; 8.364 ; 8.791 ; 8.773 ;
; In_B[0]    ; FLAG_N      ; 7.414 ; 7.368 ; 7.847 ; 7.893 ;
; In_B[0]    ; FLAG_Z      ; 9.088 ; 9.089 ; 9.504 ; 9.473 ;
; In_B[0]    ; G           ; 8.422 ; 8.378 ; 8.806 ; 8.762 ;
; In_B[1]    ; A           ; 8.393 ; 8.319 ; 8.809 ; 8.733 ;
; In_B[1]    ; B           ; 8.393 ; 8.326 ; 8.775 ; 8.751 ;
; In_B[1]    ; C           ; 8.884 ; 8.811 ; 9.266 ; 9.258 ;
; In_B[1]    ; D           ; 8.851 ; 8.764 ; 9.233 ; 9.174 ;
; In_B[1]    ; E           ; 8.863 ; 8.776 ; 9.301 ; 9.186 ;
; In_B[1]    ; F           ; 8.851 ; 8.783 ; 9.233 ; 9.215 ;
; In_B[1]    ; FLAG_N      ; 7.457 ; 7.411 ; 7.888 ; 7.934 ;
; In_B[1]    ; FLAG_Z      ; 9.469 ; 9.499 ; 9.920 ; 9.915 ;
; In_B[1]    ; G           ; 8.866 ; 8.796 ; 9.248 ; 9.204 ;
; In_B[2]    ; A           ; 8.207 ; 8.140 ; 8.565 ; 8.498 ;
; In_B[2]    ; B           ; 8.217 ; 8.154 ; 8.575 ; 8.512 ;
; In_B[2]    ; C           ; 8.700 ; 8.627 ; 9.058 ; 8.985 ;
; In_B[2]    ; D           ; 8.675 ; 8.585 ; 9.033 ; 8.943 ;
; In_B[2]    ; E           ; 8.682 ; 8.599 ; 9.132 ; 8.957 ;
; In_B[2]    ; F           ; 8.669 ; 8.600 ; 9.027 ; 8.958 ;
; In_B[2]    ; FLAG_N      ; 6.888 ; 6.842 ; 7.246 ; 7.292 ;
; In_B[2]    ; FLAG_Z      ; 9.329 ; 9.303 ; 9.779 ; 9.661 ;
; In_B[2]    ; G           ; 8.698 ; 8.627 ; 9.056 ; 8.985 ;
; In_B[3]    ; A           ; 8.110 ; 8.043 ; 8.511 ; 8.444 ;
; In_B[3]    ; B           ; 8.120 ; 8.057 ; 8.521 ; 8.458 ;
; In_B[3]    ; C           ; 8.603 ; 8.530 ; 9.004 ; 8.931 ;
; In_B[3]    ; D           ; 8.578 ; 8.488 ; 8.979 ; 8.889 ;
; In_B[3]    ; E           ; 8.621 ; 8.502 ; 9.022 ; 8.903 ;
; In_B[3]    ; F           ; 8.572 ; 8.503 ; 8.973 ; 8.904 ;
; In_B[3]    ; FLAG_N      ; 6.791 ; 6.781 ; 7.192 ; 7.182 ;
; In_B[3]    ; FLAG_Z      ; 9.268 ; 9.206 ; 9.669 ; 9.607 ;
; In_B[3]    ; G           ; 8.601 ; 8.530 ; 9.002 ; 8.931 ;
; op_sel[0]  ; A           ; 7.504 ; 7.437 ; 7.886 ; 7.819 ;
; op_sel[0]  ; B           ; 7.514 ; 7.451 ; 7.896 ; 7.833 ;
; op_sel[0]  ; C           ; 7.997 ; 7.924 ; 8.379 ; 8.306 ;
; op_sel[0]  ; D           ; 7.972 ; 7.882 ; 8.354 ; 8.264 ;
; op_sel[0]  ; E           ; 8.013 ; 7.896 ; 8.426 ; 8.278 ;
; op_sel[0]  ; F           ; 7.966 ; 7.897 ; 8.348 ; 8.279 ;
; op_sel[0]  ; FLAG_N      ; 6.185 ; 6.173 ; 6.567 ; 6.586 ;
; op_sel[0]  ; FLAG_Z      ; 8.660 ; 8.600 ; 9.073 ; 8.982 ;
; op_sel[0]  ; G           ; 7.995 ; 7.924 ; 8.377 ; 8.306 ;
; op_sel[1]  ; A           ; 7.934 ; 7.860 ; 8.331 ; 8.257 ;
; op_sel[1]  ; B           ; 7.957 ; 7.867 ; 8.363 ; 8.264 ;
; op_sel[1]  ; C           ; 8.432 ; 8.352 ; 8.829 ; 8.749 ;
; op_sel[1]  ; D           ; 8.400 ; 8.305 ; 8.797 ; 8.702 ;
; op_sel[1]  ; E           ; 8.404 ; 8.317 ; 8.801 ; 8.714 ;
; op_sel[1]  ; F           ; 8.400 ; 8.324 ; 8.797 ; 8.721 ;
; op_sel[1]  ; FLAG_N      ; 6.650 ; 6.735 ; 7.141 ; 7.073 ;
; op_sel[1]  ; FLAG_Z      ; 9.010 ; 9.036 ; 9.407 ; 9.442 ;
; op_sel[1]  ; G           ; 8.415 ; 8.337 ; 8.812 ; 8.734 ;
+------------+-------------+-------+-------+-------+-------+


----------------------------------------------
; Slow 1200mV 85C Model Metastability Report ;
----------------------------------------------
No synchronizer chains to report.


-------------------------------------
; Slow 1200mV 0C Model Fmax Summary ;
-------------------------------------
No paths to report.


--------------------------------------
; Slow 1200mV 0C Model Setup Summary ;
--------------------------------------
No paths to report.


-------------------------------------
; Slow 1200mV 0C Model Hold Summary ;
-------------------------------------
No paths to report.


-----------------------------------------
; Slow 1200mV 0C Model Recovery Summary ;
-----------------------------------------
No paths to report.


----------------------------------------
; Slow 1200mV 0C Model Removal Summary ;
----------------------------------------
No paths to report.


----------------------------------------------------
; Slow 1200mV 0C Model Minimum Pulse Width Summary ;
----------------------------------------------------
No paths to report.


+----------------------------------------------------------+
; Propagation Delay                                        ;
+------------+-------------+-------+-------+-------+-------+
; Input Port ; Output Port ; RR    ; RF    ; FR    ; FF    ;
+------------+-------------+-------+-------+-------+-------+
; In_A[0]    ; A           ; 8.185 ; 8.114 ; 8.552 ; 8.510 ;
; In_A[0]    ; B           ; 8.193 ; 8.123 ; 8.558 ; 8.519 ;
; In_A[0]    ; C           ; 8.660 ; 8.542 ; 9.033 ; 8.944 ;
; In_A[0]    ; D           ; 8.638 ; 8.507 ; 9.009 ; 8.906 ;
; In_A[0]    ; E           ; 8.589 ; 8.520 ; 9.010 ; 8.854 ;
; In_A[0]    ; F           ; 8.637 ; 8.535 ; 9.008 ; 8.933 ;
; In_A[0]    ; FLAG_N      ; 6.926 ; 6.873 ; 7.260 ; 7.294 ;
; In_A[0]    ; FLAG_Z      ; 9.171 ; 9.275 ; 9.592 ; 9.609 ;
; In_A[0]    ; G           ; 8.659 ; 8.548 ; 9.032 ; 8.948 ;
; In_A[1]    ; A           ; 8.425 ; 8.354 ; 8.848 ; 8.806 ;
; In_A[1]    ; B           ; 8.433 ; 8.363 ; 8.854 ; 8.815 ;
; In_A[1]    ; C           ; 8.900 ; 8.782 ; 9.329 ; 9.240 ;
; In_A[1]    ; D           ; 8.878 ; 8.747 ; 9.305 ; 9.202 ;
; In_A[1]    ; E           ; 8.829 ; 8.760 ; 9.306 ; 9.150 ;
; In_A[1]    ; F           ; 8.877 ; 8.775 ; 9.304 ; 9.229 ;
; In_A[1]    ; FLAG_N      ; 7.166 ; 7.113 ; 7.556 ; 7.590 ;
; In_A[1]    ; FLAG_Z      ; 9.411 ; 9.515 ; 9.888 ; 9.905 ;
; In_A[1]    ; G           ; 8.899 ; 8.788 ; 9.328 ; 9.244 ;
; In_A[2]    ; A           ; 8.081 ; 8.012 ; 8.440 ; 8.371 ;
; In_A[2]    ; B           ; 8.083 ; 7.961 ; 8.442 ; 8.349 ;
; In_A[2]    ; C           ; 8.557 ; 8.441 ; 8.916 ; 8.800 ;
; In_A[2]    ; D           ; 8.531 ; 8.402 ; 8.890 ; 8.761 ;
; In_A[2]    ; E           ; 8.534 ; 8.415 ; 8.893 ; 8.774 ;
; In_A[2]    ; F           ; 8.535 ; 8.433 ; 8.894 ; 8.792 ;
; In_A[2]    ; FLAG_N      ; 6.753 ; 6.700 ; 7.090 ; 7.124 ;
; In_A[2]    ; FLAG_Z      ; 9.033 ; 9.163 ; 9.422 ; 9.522 ;
; In_A[2]    ; G           ; 8.544 ; 8.433 ; 8.903 ; 8.792 ;
; In_A[3]    ; A           ; 7.344 ; 7.274 ; 7.690 ; 7.626 ;
; In_A[3]    ; B           ; 7.352 ; 7.283 ; 7.698 ; 7.635 ;
; In_A[3]    ; C           ; 7.819 ; 7.708 ; 8.165 ; 8.060 ;
; In_A[3]    ; D           ; 7.797 ; 7.670 ; 8.143 ; 8.022 ;
; In_A[3]    ; E           ; 7.774 ; 7.679 ; 8.126 ; 8.025 ;
; In_A[3]    ; F           ; 7.796 ; 7.697 ; 8.142 ; 8.049 ;
; In_A[3]    ; FLAG_N      ; 6.085 ; 6.058 ; 6.431 ; 6.410 ;
; In_A[3]    ; FLAG_Z      ; 8.356 ; 8.434 ; 8.708 ; 8.780 ;
; In_A[3]    ; G           ; 7.818 ; 7.712 ; 8.164 ; 8.064 ;
; In_B[0]    ; A           ; 8.306 ; 8.235 ; 8.715 ; 8.673 ;
; In_B[0]    ; B           ; 8.314 ; 8.244 ; 8.721 ; 8.682 ;
; In_B[0]    ; C           ; 8.781 ; 8.663 ; 9.196 ; 9.107 ;
; In_B[0]    ; D           ; 8.759 ; 8.628 ; 9.172 ; 9.069 ;
; In_B[0]    ; E           ; 8.710 ; 8.641 ; 9.173 ; 9.017 ;
; In_B[0]    ; F           ; 8.758 ; 8.656 ; 9.171 ; 9.096 ;
; In_B[0]    ; FLAG_N      ; 7.047 ; 6.994 ; 7.423 ; 7.457 ;
; In_B[0]    ; FLAG_Z      ; 9.292 ; 9.396 ; 9.755 ; 9.772 ;
; In_B[0]    ; G           ; 8.780 ; 8.669 ; 9.195 ; 9.111 ;
; In_B[1]    ; A           ; 8.394 ; 8.323 ; 8.813 ; 8.771 ;
; In_B[1]    ; B           ; 8.402 ; 8.332 ; 8.819 ; 8.780 ;
; In_B[1]    ; C           ; 8.869 ; 8.751 ; 9.294 ; 9.205 ;
; In_B[1]    ; D           ; 8.847 ; 8.716 ; 9.270 ; 9.167 ;
; In_B[1]    ; E           ; 8.798 ; 8.729 ; 9.271 ; 9.115 ;
; In_B[1]    ; F           ; 8.846 ; 8.744 ; 9.269 ; 9.194 ;
; In_B[1]    ; FLAG_N      ; 7.135 ; 7.082 ; 7.521 ; 7.555 ;
; In_B[1]    ; FLAG_Z      ; 9.380 ; 9.484 ; 9.853 ; 9.870 ;
; In_B[1]    ; G           ; 8.868 ; 8.757 ; 9.293 ; 9.209 ;
; In_B[2]    ; A           ; 8.217 ; 8.148 ; 8.582 ; 8.513 ;
; In_B[2]    ; B           ; 8.219 ; 8.097 ; 8.584 ; 8.462 ;
; In_B[2]    ; C           ; 8.693 ; 8.577 ; 9.058 ; 8.942 ;
; In_B[2]    ; D           ; 8.667 ; 8.538 ; 9.032 ; 8.903 ;
; In_B[2]    ; E           ; 8.670 ; 8.551 ; 9.035 ; 8.916 ;
; In_B[2]    ; F           ; 8.671 ; 8.569 ; 9.036 ; 8.934 ;
; In_B[2]    ; FLAG_N      ; 6.550 ; 6.497 ; 6.847 ; 6.881 ;
; In_B[2]    ; FLAG_Z      ; 9.169 ; 9.299 ; 9.534 ; 9.664 ;
; In_B[2]    ; G           ; 8.680 ; 8.569 ; 9.045 ; 8.934 ;
; In_B[3]    ; A           ; 7.726 ; 7.658 ; 8.103 ; 8.032 ;
; In_B[3]    ; B           ; 7.734 ; 7.667 ; 8.111 ; 8.041 ;
; In_B[3]    ; C           ; 8.201 ; 8.092 ; 8.578 ; 8.465 ;
; In_B[3]    ; D           ; 8.179 ; 8.054 ; 8.556 ; 8.427 ;
; In_B[3]    ; E           ; 8.158 ; 8.061 ; 8.531 ; 8.438 ;
; In_B[3]    ; F           ; 8.178 ; 8.081 ; 8.555 ; 8.454 ;
; In_B[3]    ; FLAG_N      ; 6.467 ; 6.442 ; 6.844 ; 6.815 ;
; In_B[3]    ; FLAG_Z      ; 8.740 ; 8.816 ; 9.113 ; 9.193 ;
; In_B[3]    ; G           ; 8.200 ; 8.096 ; 8.577 ; 8.469 ;
; op_sel[0]  ; A           ; 8.038 ; 8.024 ; 8.426 ; 8.412 ;
; op_sel[0]  ; B           ; 8.040 ; 7.975 ; 8.428 ; 8.363 ;
; op_sel[0]  ; C           ; 8.539 ; 8.385 ; 8.927 ; 8.773 ;
; op_sel[0]  ; D           ; 8.502 ; 8.415 ; 8.890 ; 8.803 ;
; op_sel[0]  ; E           ; 8.479 ; 8.421 ; 8.867 ; 8.809 ;
; op_sel[0]  ; F           ; 8.516 ; 8.402 ; 8.904 ; 8.790 ;
; op_sel[0]  ; FLAG_N      ; 6.368 ; 6.339 ; 6.757 ; 6.728 ;
; op_sel[0]  ; FLAG_Z      ; 9.029 ; 9.145 ; 9.417 ; 9.533 ;
; op_sel[0]  ; G           ; 8.505 ; 8.447 ; 8.893 ; 8.835 ;
; op_sel[1]  ; A           ; 8.332 ; 8.318 ; 8.718 ; 8.704 ;
; op_sel[1]  ; B           ; 8.334 ; 8.269 ; 8.720 ; 8.655 ;
; op_sel[1]  ; C           ; 8.833 ; 8.679 ; 9.219 ; 9.065 ;
; op_sel[1]  ; D           ; 8.796 ; 8.709 ; 9.182 ; 9.095 ;
; op_sel[1]  ; E           ; 8.773 ; 8.715 ; 9.159 ; 9.101 ;
; op_sel[1]  ; F           ; 8.810 ; 8.696 ; 9.196 ; 9.082 ;
; op_sel[1]  ; FLAG_N      ; 6.658 ; 6.630 ; 7.043 ; 7.014 ;
; op_sel[1]  ; FLAG_Z      ; 9.323 ; 9.439 ; 9.709 ; 9.825 ;
; op_sel[1]  ; G           ; 8.799 ; 8.741 ; 9.185 ; 9.127 ;
+------------+-------------+-------+-------+-------+-------+


+----------------------------------------------------------+
; Minimum Propagation Delay                                ;
+------------+-------------+-------+-------+-------+-------+
; Input Port ; Output Port ; RR    ; RF    ; FR    ; FF    ;
+------------+-------------+-------+-------+-------+-------+
; In_A[0]    ; A           ; 7.216 ; 7.140 ; 7.541 ; 7.465 ;
; In_A[0]    ; B           ; 7.225 ; 7.153 ; 7.550 ; 7.478 ;
; In_A[0]    ; C           ; 7.676 ; 7.627 ; 8.001 ; 7.958 ;
; In_A[0]    ; D           ; 7.652 ; 7.541 ; 7.977 ; 7.866 ;
; In_A[0]    ; E           ; 7.695 ; 7.555 ; 8.026 ; 7.880 ;
; In_A[0]    ; F           ; 7.694 ; 7.543 ; 8.025 ; 7.868 ;
; In_A[0]    ; FLAG_N      ; 6.762 ; 6.710 ; 7.091 ; 7.121 ;
; In_A[0]    ; FLAG_Z      ; 8.246 ; 8.371 ; 8.571 ; 8.702 ;
; In_A[0]    ; G           ; 7.671 ; 7.576 ; 7.996 ; 7.901 ;
; In_A[1]    ; A           ; 7.657 ; 7.635 ; 7.998 ; 7.976 ;
; In_A[1]    ; B           ; 7.688 ; 7.589 ; 8.029 ; 7.930 ;
; In_A[1]    ; C           ; 8.145 ; 8.019 ; 8.492 ; 8.360 ;
; In_A[1]    ; D           ; 8.093 ; 7.981 ; 8.434 ; 8.322 ;
; In_A[1]    ; E           ; 8.092 ; 8.030 ; 8.433 ; 8.377 ;
; In_A[1]    ; F           ; 8.121 ; 8.014 ; 8.466 ; 8.355 ;
; In_A[1]    ; FLAG_N      ; 6.949 ; 6.897 ; 7.300 ; 7.330 ;
; In_A[1]    ; FLAG_Z      ; 8.683 ; 8.788 ; 9.024 ; 9.135 ;
; In_A[1]    ; G           ; 8.107 ; 8.014 ; 8.448 ; 8.355 ;
; In_A[2]    ; A           ; 7.699 ; 7.656 ; 8.074 ; 8.003 ;
; In_A[2]    ; B           ; 7.705 ; 7.663 ; 8.081 ; 8.013 ;
; In_A[2]    ; C           ; 8.161 ; 8.073 ; 8.532 ; 8.416 ;
; In_A[2]    ; D           ; 8.137 ; 8.036 ; 8.511 ; 8.380 ;
; In_A[2]    ; E           ; 8.138 ; 8.055 ; 8.529 ; 8.393 ;
; In_A[2]    ; F           ; 8.136 ; 8.063 ; 8.509 ; 8.407 ;
; In_A[2]    ; FLAG_N      ; 6.550 ; 6.498 ; 6.875 ; 6.905 ;
; In_A[2]    ; FLAG_Z      ; 8.704 ; 8.805 ; 9.061 ; 9.130 ;
; In_A[2]    ; G           ; 8.158 ; 8.076 ; 8.531 ; 8.420 ;
; In_A[3]    ; A           ; 7.130 ; 7.081 ; 7.466 ; 7.421 ;
; In_A[3]    ; B           ; 7.136 ; 7.091 ; 7.472 ; 7.430 ;
; In_A[3]    ; C           ; 7.592 ; 7.494 ; 7.928 ; 7.834 ;
; In_A[3]    ; D           ; 7.568 ; 7.458 ; 7.904 ; 7.798 ;
; In_A[3]    ; E           ; 7.569 ; 7.471 ; 7.905 ; 7.811 ;
; In_A[3]    ; F           ; 7.567 ; 7.485 ; 7.903 ; 7.825 ;
; In_A[3]    ; FLAG_N      ; 5.953 ; 5.929 ; 6.293 ; 6.265 ;
; In_A[3]    ; FLAG_Z      ; 8.135 ; 8.208 ; 8.471 ; 8.548 ;
; In_A[3]    ; G           ; 7.589 ; 7.498 ; 7.925 ; 7.838 ;
; In_B[0]    ; A           ; 7.308 ; 7.261 ; 7.674 ; 7.624 ;
; In_B[0]    ; B           ; 7.339 ; 7.240 ; 7.700 ; 7.606 ;
; In_B[0]    ; C           ; 7.797 ; 7.670 ; 8.156 ; 8.036 ;
; In_B[0]    ; D           ; 7.744 ; 7.632 ; 8.110 ; 7.998 ;
; In_B[0]    ; E           ; 7.743 ; 7.676 ; 8.109 ; 8.039 ;
; In_B[0]    ; F           ; 7.776 ; 7.664 ; 8.132 ; 8.027 ;
; In_B[0]    ; FLAG_N      ; 6.878 ; 6.826 ; 7.247 ; 7.277 ;
; In_B[0]    ; FLAG_Z      ; 8.334 ; 8.462 ; 8.700 ; 8.799 ;
; In_B[0]    ; G           ; 7.758 ; 7.665 ; 8.124 ; 8.031 ;
; In_B[1]    ; A           ; 7.730 ; 7.655 ; 8.084 ; 8.028 ;
; In_B[1]    ; B           ; 7.770 ; 7.658 ; 8.090 ; 8.016 ;
; In_B[1]    ; C           ; 8.192 ; 8.072 ; 8.546 ; 8.445 ;
; In_B[1]    ; D           ; 8.167 ; 8.034 ; 8.519 ; 8.407 ;
; In_B[1]    ; E           ; 8.165 ; 8.042 ; 8.519 ; 8.415 ;
; In_B[1]    ; F           ; 8.169 ; 8.063 ; 8.522 ; 8.436 ;
; In_B[1]    ; FLAG_N      ; 6.921 ; 6.869 ; 7.266 ; 7.296 ;
; In_B[1]    ; FLAG_Z      ; 8.697 ; 8.862 ; 9.070 ; 9.189 ;
; In_B[1]    ; G           ; 8.178 ; 8.063 ; 8.531 ; 8.436 ;
; In_B[2]    ; A           ; 7.553 ; 7.510 ; 7.895 ; 7.824 ;
; In_B[2]    ; B           ; 7.559 ; 7.517 ; 7.902 ; 7.834 ;
; In_B[2]    ; C           ; 8.015 ; 7.927 ; 8.353 ; 8.237 ;
; In_B[2]    ; D           ; 7.991 ; 7.890 ; 8.332 ; 8.201 ;
; In_B[2]    ; E           ; 7.992 ; 7.922 ; 8.366 ; 8.214 ;
; In_B[2]    ; F           ; 7.990 ; 7.917 ; 8.330 ; 8.228 ;
; In_B[2]    ; FLAG_N      ; 6.404 ; 6.352 ; 6.696 ; 6.726 ;
; In_B[2]    ; FLAG_Z      ; 8.558 ; 8.659 ; 8.932 ; 8.951 ;
; In_B[2]    ; G           ; 8.012 ; 7.930 ; 8.352 ; 8.241 ;
; In_B[3]    ; A           ; 7.497 ; 7.448 ; 7.839 ; 7.788 ;
; In_B[3]    ; B           ; 7.503 ; 7.458 ; 7.845 ; 7.798 ;
; In_B[3]    ; C           ; 7.959 ; 7.861 ; 8.301 ; 8.201 ;
; In_B[3]    ; D           ; 7.935 ; 7.825 ; 8.277 ; 8.165 ;
; In_B[3]    ; E           ; 7.936 ; 7.838 ; 8.278 ; 8.178 ;
; In_B[3]    ; F           ; 7.934 ; 7.852 ; 8.276 ; 8.192 ;
; In_B[3]    ; FLAG_N      ; 6.320 ; 6.296 ; 6.660 ; 6.638 ;
; In_B[3]    ; FLAG_Z      ; 8.502 ; 8.575 ; 8.844 ; 8.915 ;
; In_B[3]    ; G           ; 7.956 ; 7.865 ; 8.298 ; 8.205 ;
; op_sel[0]  ; A           ; 6.946 ; 6.897 ; 7.297 ; 7.226 ;
; op_sel[0]  ; B           ; 6.952 ; 6.907 ; 7.304 ; 7.236 ;
; op_sel[0]  ; C           ; 7.408 ; 7.310 ; 7.755 ; 7.639 ;
; op_sel[0]  ; D           ; 7.384 ; 7.274 ; 7.734 ; 7.603 ;
; op_sel[0]  ; E           ; 7.385 ; 7.287 ; 7.742 ; 7.616 ;
; op_sel[0]  ; F           ; 7.383 ; 7.301 ; 7.732 ; 7.630 ;
; op_sel[0]  ; FLAG_N      ; 5.769 ; 5.745 ; 6.098 ; 6.102 ;
; op_sel[0]  ; FLAG_Z      ; 7.951 ; 8.024 ; 8.308 ; 8.353 ;
; op_sel[0]  ; G           ; 7.405 ; 7.314 ; 7.754 ; 7.643 ;
; op_sel[1]  ; A           ; 7.310 ; 7.235 ; 7.650 ; 7.575 ;
; op_sel[1]  ; B           ; 7.387 ; 7.238 ; 7.736 ; 7.578 ;
; op_sel[1]  ; C           ; 7.772 ; 7.652 ; 8.112 ; 7.992 ;
; op_sel[1]  ; D           ; 7.747 ; 7.614 ; 8.087 ; 7.954 ;
; op_sel[1]  ; E           ; 7.745 ; 7.622 ; 8.085 ; 7.962 ;
; op_sel[1]  ; F           ; 7.749 ; 7.643 ; 8.089 ; 7.983 ;
; op_sel[1]  ; FLAG_N      ; 6.181 ; 6.245 ; 6.601 ; 6.529 ;
; op_sel[1]  ; FLAG_Z      ; 8.277 ; 8.436 ; 8.617 ; 8.784 ;
; op_sel[1]  ; G           ; 7.758 ; 7.643 ; 8.098 ; 7.983 ;
+------------+-------------+-------+-------+-------+-------+


---------------------------------------------
; Slow 1200mV 0C Model Metastability Report ;
---------------------------------------------
No synchronizer chains to report.


--------------------------------------
; Fast 1200mV 0C Model Setup Summary ;
--------------------------------------
No paths to report.


-------------------------------------
; Fast 1200mV 0C Model Hold Summary ;
-------------------------------------
No paths to report.


-----------------------------------------
; Fast 1200mV 0C Model Recovery Summary ;
-----------------------------------------
No paths to report.


----------------------------------------
; Fast 1200mV 0C Model Removal Summary ;
----------------------------------------
No paths to report.


----------------------------------------------------
; Fast 1200mV 0C Model Minimum Pulse Width Summary ;
----------------------------------------------------
No paths to report.


+----------------------------------------------------------+
; Propagation Delay                                        ;
+------------+-------------+-------+-------+-------+-------+
; Input Port ; Output Port ; RR    ; RF    ; FR    ; FF    ;
+------------+-------------+-------+-------+-------+-------+
; In_A[0]    ; A           ; 5.166 ; 5.208 ; 5.809 ; 5.851 ;
; In_A[0]    ; B           ; 5.170 ; 5.214 ; 5.813 ; 5.857 ;
; In_A[0]    ; C           ; 5.445 ; 5.515 ; 6.088 ; 6.158 ;
; In_A[0]    ; D           ; 5.433 ; 5.496 ; 6.076 ; 6.139 ;
; In_A[0]    ; E           ; 5.436 ; 5.384 ; 6.079 ; 5.974 ;
; In_A[0]    ; F           ; 5.433 ; 5.498 ; 6.076 ; 6.141 ;
; In_A[0]    ; FLAG_N      ; 4.409 ; 4.405 ; 4.999 ; 5.048 ;
; In_A[0]    ; FLAG_Z      ; 5.991 ; 5.792 ; 6.634 ; 6.382 ;
; In_A[0]    ; G           ; 5.441 ; 5.506 ; 6.084 ; 6.149 ;
; In_A[1]    ; A           ; 5.323 ; 5.365 ; 5.999 ; 6.041 ;
; In_A[1]    ; B           ; 5.327 ; 5.371 ; 6.003 ; 6.047 ;
; In_A[1]    ; C           ; 5.602 ; 5.672 ; 6.278 ; 6.348 ;
; In_A[1]    ; D           ; 5.590 ; 5.653 ; 6.266 ; 6.329 ;
; In_A[1]    ; E           ; 5.593 ; 5.541 ; 6.269 ; 6.164 ;
; In_A[1]    ; F           ; 5.590 ; 5.655 ; 6.266 ; 6.331 ;
; In_A[1]    ; FLAG_N      ; 4.566 ; 4.562 ; 5.189 ; 5.238 ;
; In_A[1]    ; FLAG_Z      ; 6.148 ; 5.949 ; 6.824 ; 6.572 ;
; In_A[1]    ; G           ; 5.598 ; 5.663 ; 6.274 ; 6.339 ;
; In_A[2]    ; A           ; 5.157 ; 5.177 ; 5.723 ; 5.753 ;
; In_A[2]    ; B           ; 5.080 ; 5.179 ; 5.715 ; 5.759 ;
; In_A[2]    ; C           ; 5.436 ; 5.484 ; 6.002 ; 6.060 ;
; In_A[2]    ; D           ; 5.422 ; 5.463 ; 5.988 ; 6.041 ;
; In_A[2]    ; E           ; 5.423 ; 5.457 ; 5.989 ; 6.023 ;
; In_A[2]    ; F           ; 5.426 ; 5.469 ; 5.992 ; 6.043 ;
; In_A[2]    ; FLAG_N      ; 4.319 ; 4.315 ; 4.901 ; 4.950 ;
; In_A[2]    ; FLAG_Z      ; 5.951 ; 5.722 ; 6.536 ; 6.288 ;
; In_A[2]    ; G           ; 5.420 ; 5.463 ; 5.986 ; 6.051 ;
; In_A[3]    ; A           ; 4.695 ; 4.737 ; 5.234 ; 5.276 ;
; In_A[3]    ; B           ; 4.699 ; 4.743 ; 5.238 ; 5.282 ;
; In_A[3]    ; C           ; 4.974 ; 5.044 ; 5.513 ; 5.583 ;
; In_A[3]    ; D           ; 4.962 ; 5.025 ; 5.501 ; 5.564 ;
; In_A[3]    ; E           ; 4.965 ; 4.892 ; 5.504 ; 5.431 ;
; In_A[3]    ; F           ; 4.962 ; 5.027 ; 5.501 ; 5.566 ;
; In_A[3]    ; FLAG_N      ; 3.917 ; 3.934 ; 4.456 ; 4.473 ;
; In_A[3]    ; FLAG_Z      ; 5.520 ; 5.300 ; 6.059 ; 5.839 ;
; In_A[3]    ; G           ; 4.970 ; 5.035 ; 5.509 ; 5.574 ;
; In_B[0]    ; A           ; 5.250 ; 5.292 ; 5.908 ; 5.950 ;
; In_B[0]    ; B           ; 5.254 ; 5.298 ; 5.912 ; 5.956 ;
; In_B[0]    ; C           ; 5.529 ; 5.599 ; 6.187 ; 6.257 ;
; In_B[0]    ; D           ; 5.517 ; 5.580 ; 6.175 ; 6.238 ;
; In_B[0]    ; E           ; 5.520 ; 5.468 ; 6.178 ; 6.073 ;
; In_B[0]    ; F           ; 5.517 ; 5.582 ; 6.175 ; 6.240 ;
; In_B[0]    ; FLAG_N      ; 4.493 ; 4.489 ; 5.098 ; 5.147 ;
; In_B[0]    ; FLAG_Z      ; 6.075 ; 5.876 ; 6.733 ; 6.481 ;
; In_B[0]    ; G           ; 5.525 ; 5.590 ; 6.183 ; 6.248 ;
; In_B[1]    ; A           ; 5.300 ; 5.342 ; 5.970 ; 6.012 ;
; In_B[1]    ; B           ; 5.304 ; 5.348 ; 5.974 ; 6.018 ;
; In_B[1]    ; C           ; 5.579 ; 5.649 ; 6.249 ; 6.319 ;
; In_B[1]    ; D           ; 5.567 ; 5.630 ; 6.237 ; 6.300 ;
; In_B[1]    ; E           ; 5.570 ; 5.518 ; 6.240 ; 6.135 ;
; In_B[1]    ; F           ; 5.567 ; 5.632 ; 6.237 ; 6.302 ;
; In_B[1]    ; FLAG_N      ; 4.543 ; 4.539 ; 5.160 ; 5.209 ;
; In_B[1]    ; FLAG_Z      ; 6.125 ; 5.926 ; 6.795 ; 6.543 ;
; In_B[1]    ; G           ; 5.575 ; 5.640 ; 6.245 ; 6.310 ;
; In_B[2]    ; A           ; 5.229 ; 5.249 ; 5.818 ; 5.838 ;
; In_B[2]    ; B           ; 5.088 ; 5.251 ; 5.677 ; 5.840 ;
; In_B[2]    ; C           ; 5.508 ; 5.556 ; 6.097 ; 6.145 ;
; In_B[2]    ; D           ; 5.494 ; 5.535 ; 6.083 ; 6.124 ;
; In_B[2]    ; E           ; 5.495 ; 5.529 ; 6.084 ; 6.118 ;
; In_B[2]    ; F           ; 5.498 ; 5.541 ; 6.087 ; 6.130 ;
; In_B[2]    ; FLAG_N      ; 4.184 ; 4.180 ; 4.744 ; 4.793 ;
; In_B[2]    ; FLAG_Z      ; 6.023 ; 5.794 ; 6.612 ; 6.383 ;
; In_B[2]    ; G           ; 5.492 ; 5.535 ; 6.081 ; 6.124 ;
; In_B[3]    ; A           ; 4.948 ; 4.990 ; 5.514 ; 5.556 ;
; In_B[3]    ; B           ; 4.952 ; 4.996 ; 5.518 ; 5.562 ;
; In_B[3]    ; C           ; 5.227 ; 5.297 ; 5.793 ; 5.863 ;
; In_B[3]    ; D           ; 5.215 ; 5.278 ; 5.781 ; 5.844 ;
; In_B[3]    ; E           ; 5.218 ; 5.145 ; 5.784 ; 5.711 ;
; In_B[3]    ; F           ; 5.215 ; 5.280 ; 5.781 ; 5.846 ;
; In_B[3]    ; FLAG_N      ; 4.170 ; 4.187 ; 4.736 ; 4.753 ;
; In_B[3]    ; FLAG_Z      ; 5.773 ; 5.553 ; 6.339 ; 6.119 ;
; In_B[3]    ; G           ; 5.223 ; 5.288 ; 5.789 ; 5.854 ;
; op_sel[0]  ; A           ; 5.173 ; 5.176 ; 5.756 ; 5.759 ;
; op_sel[0]  ; B           ; 5.147 ; 5.178 ; 5.730 ; 5.761 ;
; op_sel[0]  ; C           ; 5.306 ; 5.482 ; 5.889 ; 6.065 ;
; op_sel[0]  ; D           ; 5.437 ; 5.445 ; 6.020 ; 6.028 ;
; op_sel[0]  ; E           ; 5.431 ; 5.347 ; 6.014 ; 5.930 ;
; op_sel[0]  ; F           ; 5.413 ; 5.466 ; 5.996 ; 6.049 ;
; op_sel[0]  ; FLAG_N      ; 4.085 ; 4.102 ; 4.669 ; 4.686 ;
; op_sel[0]  ; FLAG_Z      ; 5.948 ; 5.736 ; 6.531 ; 6.319 ;
; op_sel[0]  ; G           ; 5.437 ; 5.446 ; 6.020 ; 6.029 ;
; op_sel[1]  ; A           ; 5.377 ; 5.380 ; 5.985 ; 5.988 ;
; op_sel[1]  ; B           ; 5.351 ; 5.382 ; 5.959 ; 5.990 ;
; op_sel[1]  ; C           ; 5.599 ; 5.686 ; 6.191 ; 6.294 ;
; op_sel[1]  ; D           ; 5.641 ; 5.649 ; 6.249 ; 6.257 ;
; op_sel[1]  ; E           ; 5.635 ; 5.620 ; 6.243 ; 6.212 ;
; op_sel[1]  ; F           ; 5.617 ; 5.670 ; 6.225 ; 6.278 ;
; op_sel[1]  ; FLAG_N      ; 4.287 ; 4.304 ; 4.892 ; 4.909 ;
; op_sel[1]  ; FLAG_Z      ; 6.152 ; 5.940 ; 6.760 ; 6.548 ;
; op_sel[1]  ; G           ; 5.641 ; 5.650 ; 6.249 ; 6.258 ;
+------------+-------------+-------+-------+-------+-------+


+----------------------------------------------------------+
; Minimum Propagation Delay                                ;
+------------+-------------+-------+-------+-------+-------+
; Input Port ; Output Port ; RR    ; RF    ; FR    ; FF    ;
+------------+-------------+-------+-------+-------+-------+
; In_A[0]    ; A           ; 4.517 ; 4.543 ; 5.077 ; 5.103 ;
; In_A[0]    ; B           ; 4.518 ; 4.544 ; 5.078 ; 5.104 ;
; In_A[0]    ; C           ; 4.900 ; 4.833 ; 5.453 ; 5.393 ;
; In_A[0]    ; D           ; 4.762 ; 4.816 ; 5.322 ; 5.376 ;
; In_A[0]    ; E           ; 4.765 ; 4.933 ; 5.325 ; 5.486 ;
; In_A[0]    ; F           ; 4.762 ; 4.923 ; 5.322 ; 5.476 ;
; In_A[0]    ; FLAG_N      ; 4.302 ; 4.297 ; 4.885 ; 4.932 ;
; In_A[0]    ; FLAG_Z      ; 5.437 ; 5.235 ; 5.990 ; 5.795 ;
; In_A[0]    ; G           ; 4.767 ; 4.821 ; 5.327 ; 5.381 ;
; In_A[1]    ; A           ; 4.802 ; 4.815 ; 5.364 ; 5.377 ;
; In_A[1]    ; B           ; 4.783 ; 4.826 ; 5.345 ; 5.388 ;
; In_A[1]    ; C           ; 5.048 ; 5.167 ; 5.610 ; 5.741 ;
; In_A[1]    ; D           ; 5.033 ; 5.087 ; 5.595 ; 5.649 ;
; In_A[1]    ; E           ; 5.103 ; 5.084 ; 5.677 ; 5.646 ;
; In_A[1]    ; F           ; 5.036 ; 5.105 ; 5.598 ; 5.667 ;
; In_A[1]    ; FLAG_N      ; 4.425 ; 4.420 ; 5.018 ; 5.065 ;
; In_A[1]    ; FLAG_Z      ; 5.732 ; 5.502 ; 6.287 ; 6.064 ;
; In_A[1]    ; G           ; 5.035 ; 5.091 ; 5.597 ; 5.653 ;
; In_A[2]    ; A           ; 4.822 ; 4.843 ; 5.365 ; 5.391 ;
; In_A[2]    ; B           ; 4.826 ; 4.849 ; 5.367 ; 5.419 ;
; In_A[2]    ; C           ; 5.088 ; 5.136 ; 5.632 ; 5.685 ;
; In_A[2]    ; D           ; 5.076 ; 5.117 ; 5.618 ; 5.664 ;
; In_A[2]    ; E           ; 5.080 ; 5.115 ; 5.621 ; 5.661 ;
; In_A[2]    ; F           ; 5.076 ; 5.119 ; 5.621 ; 5.669 ;
; In_A[2]    ; FLAG_N      ; 4.188 ; 4.183 ; 4.758 ; 4.805 ;
; In_A[2]    ; FLAG_Z      ; 5.708 ; 5.511 ; 6.284 ; 6.052 ;
; In_A[2]    ; G           ; 5.078 ; 5.126 ; 5.619 ; 5.667 ;
; In_A[3]    ; A           ; 4.445 ; 4.466 ; 4.986 ; 5.007 ;
; In_A[3]    ; B           ; 4.449 ; 4.472 ; 4.990 ; 5.013 ;
; In_A[3]    ; C           ; 4.711 ; 4.759 ; 5.252 ; 5.300 ;
; In_A[3]    ; D           ; 4.699 ; 4.740 ; 5.240 ; 5.281 ;
; In_A[3]    ; E           ; 4.816 ; 4.738 ; 5.357 ; 5.279 ;
; In_A[3]    ; F           ; 4.699 ; 4.742 ; 5.240 ; 5.283 ;
; In_A[3]    ; FLAG_N      ; 3.811 ; 3.834 ; 4.352 ; 4.375 ;
; In_A[3]    ; FLAG_Z      ; 5.359 ; 5.139 ; 5.900 ; 5.680 ;
; In_A[3]    ; G           ; 4.707 ; 4.750 ; 5.248 ; 5.291 ;
; In_B[0]    ; A           ; 4.602 ; 4.621 ; 5.153 ; 5.172 ;
; In_B[0]    ; B           ; 4.589 ; 4.629 ; 5.140 ; 5.180 ;
; In_B[0]    ; C           ; 4.854 ; 4.918 ; 5.405 ; 5.469 ;
; In_B[0]    ; D           ; 4.839 ; 4.893 ; 5.390 ; 5.444 ;
; In_B[0]    ; E           ; 4.850 ; 4.890 ; 5.401 ; 5.441 ;
; In_B[0]    ; F           ; 4.842 ; 4.911 ; 5.393 ; 5.462 ;
; In_B[0]    ; FLAG_N      ; 4.383 ; 4.378 ; 4.980 ; 5.027 ;
; In_B[0]    ; FLAG_Z      ; 5.509 ; 5.308 ; 6.079 ; 5.859 ;
; In_B[0]    ; G           ; 4.841 ; 4.897 ; 5.392 ; 5.448 ;
; In_B[1]    ; A           ; 4.825 ; 4.851 ; 5.387 ; 5.400 ;
; In_B[1]    ; B           ; 4.827 ; 4.870 ; 5.368 ; 5.411 ;
; In_B[1]    ; C           ; 5.092 ; 5.145 ; 5.633 ; 5.717 ;
; In_B[1]    ; D           ; 5.077 ; 5.124 ; 5.618 ; 5.672 ;
; In_B[1]    ; E           ; 5.081 ; 5.121 ; 5.653 ; 5.669 ;
; In_B[1]    ; F           ; 5.080 ; 5.129 ; 5.621 ; 5.690 ;
; In_B[1]    ; FLAG_N      ; 4.403 ; 4.398 ; 4.994 ; 5.041 ;
; In_B[1]    ; FLAG_Z      ; 5.711 ; 5.512 ; 6.302 ; 6.084 ;
; In_B[1]    ; G           ; 5.079 ; 5.127 ; 5.620 ; 5.676 ;
; In_B[2]    ; A           ; 4.721 ; 4.742 ; 5.275 ; 5.296 ;
; In_B[2]    ; B           ; 4.725 ; 4.748 ; 5.279 ; 5.302 ;
; In_B[2]    ; C           ; 4.987 ; 5.035 ; 5.541 ; 5.589 ;
; In_B[2]    ; D           ; 4.975 ; 5.016 ; 5.529 ; 5.570 ;
; In_B[2]    ; E           ; 5.064 ; 5.014 ; 5.670 ; 5.568 ;
; In_B[2]    ; F           ; 4.975 ; 5.018 ; 5.529 ; 5.572 ;
; In_B[2]    ; FLAG_N      ; 4.087 ; 4.082 ; 4.641 ; 4.688 ;
; In_B[2]    ; FLAG_Z      ; 5.607 ; 5.415 ; 6.213 ; 5.969 ;
; In_B[2]    ; G           ; 4.983 ; 5.026 ; 5.537 ; 5.580 ;
; In_B[3]    ; A           ; 4.691 ; 4.712 ; 5.232 ; 5.253 ;
; In_B[3]    ; B           ; 4.695 ; 4.718 ; 5.236 ; 5.259 ;
; In_B[3]    ; C           ; 4.957 ; 5.005 ; 5.498 ; 5.546 ;
; In_B[3]    ; D           ; 4.945 ; 4.986 ; 5.486 ; 5.527 ;
; In_B[3]    ; E           ; 5.062 ; 4.984 ; 5.603 ; 5.525 ;
; In_B[3]    ; F           ; 4.945 ; 4.988 ; 5.486 ; 5.529 ;
; In_B[3]    ; FLAG_N      ; 4.057 ; 4.080 ; 4.598 ; 4.621 ;
; In_B[3]    ; FLAG_Z      ; 5.605 ; 5.385 ; 6.146 ; 5.926 ;
; In_B[3]    ; G           ; 4.953 ; 4.996 ; 5.494 ; 5.537 ;
; op_sel[0]  ; A           ; 4.346 ; 4.367 ; 4.874 ; 4.895 ;
; op_sel[0]  ; B           ; 4.350 ; 4.373 ; 4.878 ; 4.901 ;
; op_sel[0]  ; C           ; 4.612 ; 4.660 ; 5.140 ; 5.188 ;
; op_sel[0]  ; D           ; 4.600 ; 4.641 ; 5.128 ; 5.169 ;
; op_sel[0]  ; E           ; 4.712 ; 4.639 ; 5.259 ; 5.167 ;
; op_sel[0]  ; F           ; 4.600 ; 4.643 ; 5.128 ; 5.171 ;
; op_sel[0]  ; FLAG_N      ; 3.712 ; 3.730 ; 4.240 ; 4.277 ;
; op_sel[0]  ; FLAG_Z      ; 5.255 ; 5.040 ; 5.802 ; 5.568 ;
; op_sel[0]  ; G           ; 4.608 ; 4.651 ; 5.136 ; 5.179 ;
; op_sel[1]  ; A           ; 4.590 ; 4.616 ; 5.165 ; 5.191 ;
; op_sel[1]  ; B           ; 4.592 ; 4.643 ; 5.167 ; 5.275 ;
; op_sel[1]  ; C           ; 4.857 ; 4.910 ; 5.432 ; 5.485 ;
; op_sel[1]  ; D           ; 4.843 ; 4.889 ; 5.418 ; 5.464 ;
; op_sel[1]  ; E           ; 4.846 ; 4.886 ; 5.421 ; 5.461 ;
; op_sel[1]  ; F           ; 4.846 ; 4.894 ; 5.421 ; 5.469 ;
; op_sel[1]  ; FLAG_N      ; 3.982 ; 4.052 ; 4.614 ; 4.597 ;
; op_sel[1]  ; FLAG_Z      ; 5.481 ; 5.277 ; 6.049 ; 5.852 ;
; op_sel[1]  ; G           ; 4.844 ; 4.892 ; 5.419 ; 5.467 ;
+------------+-------------+-------+-------+-------+-------+


---------------------------------------------
; Fast 1200mV 0C Model Metastability Report ;
---------------------------------------------
No synchronizer chains to report.


+----------------------------------------------------------------------------+
; Multicorner Timing Analysis Summary                                        ;
+------------------+-------+------+----------+---------+---------------------+
; Clock            ; Setup ; Hold ; Recovery ; Removal ; Minimum Pulse Width ;
+------------------+-------+------+----------+---------+---------------------+
; Worst-case Slack ; N/A   ; N/A  ; N/A      ; N/A     ; N/A                 ;
; Design-wide TNS  ; 0.0   ; 0.0  ; 0.0      ; 0.0     ; 0.0                 ;
+------------------+-------+------+----------+---------+---------------------+


+--------------------------------------------------------------+
; Progagation Delay                                            ;
+------------+-------------+--------+--------+--------+--------+
; Input Port ; Output Port ; RR     ; RF     ; FR     ; FF     ;
+------------+-------------+--------+--------+--------+--------+
; In_A[0]    ; A           ; 8.857  ; 8.822  ; 9.366  ; 9.331  ;
; In_A[0]    ; B           ; 8.863  ; 8.830  ; 9.372  ; 9.339  ;
; In_A[0]    ; C           ; 9.374  ; 9.333  ; 9.883  ; 9.842  ;
; In_A[0]    ; D           ; 9.343  ; 9.285  ; 9.852  ; 9.794  ;
; In_A[0]    ; E           ; 9.347  ; 9.265  ; 9.856  ; 9.678  ;
; In_A[0]    ; F           ; 9.340  ; 9.303  ; 9.849  ; 9.812  ;
; In_A[0]    ; FLAG_N      ; 7.470  ; 7.423  ; 7.883  ; 7.932  ;
; In_A[0]    ; FLAG_Z      ; 10.014 ; 9.986  ; 10.523 ; 10.399 ;
; In_A[0]    ; G           ; 9.369  ; 9.330  ; 9.878  ; 9.839  ;
; In_A[1]    ; A           ; 9.126  ; 9.091  ; 9.709  ; 9.674  ;
; In_A[1]    ; B           ; 9.132  ; 9.099  ; 9.715  ; 9.682  ;
; In_A[1]    ; C           ; 9.643  ; 9.602  ; 10.226 ; 10.185 ;
; In_A[1]    ; D           ; 9.612  ; 9.554  ; 10.195 ; 10.137 ;
; In_A[1]    ; E           ; 9.616  ; 9.534  ; 10.199 ; 10.021 ;
; In_A[1]    ; F           ; 9.609  ; 9.572  ; 10.192 ; 10.155 ;
; In_A[1]    ; FLAG_N      ; 7.739  ; 7.692  ; 8.226  ; 8.275  ;
; In_A[1]    ; FLAG_Z      ; 10.283 ; 10.255 ; 10.866 ; 10.742 ;
; In_A[1]    ; G           ; 9.638  ; 9.599  ; 10.221 ; 10.182 ;
; In_A[2]    ; A           ; 8.746  ; 8.672  ; 9.183  ; 9.148  ;
; In_A[2]    ; B           ; 8.727  ; 8.679  ; 9.189  ; 9.156  ;
; In_A[2]    ; C           ; 9.265  ; 9.185  ; 9.700  ; 9.659  ;
; In_A[2]    ; D           ; 9.232  ; 9.136  ; 9.669  ; 9.611  ;
; In_A[2]    ; E           ; 9.235  ; 9.148  ; 9.673  ; 9.572  ;
; In_A[2]    ; F           ; 9.232  ; 9.156  ; 9.666  ; 9.629  ;
; In_A[2]    ; FLAG_N      ; 7.281  ; 7.234  ; 7.700  ; 7.749  ;
; In_A[2]    ; FLAG_Z      ; 9.860  ; 9.845  ; 10.340 ; 10.269 ;
; In_A[2]    ; G           ; 9.248  ; 9.170  ; 9.695  ; 9.656  ;
; In_A[3]    ; A           ; 7.966  ; 7.931  ; 8.367  ; 8.332  ;
; In_A[3]    ; B           ; 7.972  ; 7.939  ; 8.373  ; 8.340  ;
; In_A[3]    ; C           ; 8.483  ; 8.442  ; 8.884  ; 8.843  ;
; In_A[3]    ; D           ; 8.452  ; 8.394  ; 8.853  ; 8.795  ;
; In_A[3]    ; E           ; 8.456  ; 8.346  ; 8.857  ; 8.744  ;
; In_A[3]    ; F           ; 8.449  ; 8.412  ; 8.850  ; 8.813  ;
; In_A[3]    ; FLAG_N      ; 6.551  ; 6.532  ; 6.949  ; 6.933  ;
; In_A[3]    ; FLAG_Z      ; 9.123  ; 9.067  ; 9.524  ; 9.465  ;
; In_A[3]    ; G           ; 8.478  ; 8.439  ; 8.879  ; 8.840  ;
; In_B[0]    ; A           ; 8.995  ; 8.960  ; 9.535  ; 9.500  ;
; In_B[0]    ; B           ; 9.001  ; 8.968  ; 9.541  ; 9.508  ;
; In_B[0]    ; C           ; 9.512  ; 9.471  ; 10.052 ; 10.011 ;
; In_B[0]    ; D           ; 9.481  ; 9.423  ; 10.021 ; 9.963  ;
; In_B[0]    ; E           ; 9.485  ; 9.403  ; 10.025 ; 9.847  ;
; In_B[0]    ; F           ; 9.478  ; 9.441  ; 10.018 ; 9.981  ;
; In_B[0]    ; FLAG_N      ; 7.608  ; 7.561  ; 8.052  ; 8.101  ;
; In_B[0]    ; FLAG_Z      ; 10.152 ; 10.124 ; 10.692 ; 10.568 ;
; In_B[0]    ; G           ; 9.507  ; 9.468  ; 10.047 ; 10.008 ;
; In_B[1]    ; A           ; 9.090  ; 9.055  ; 9.664  ; 9.629  ;
; In_B[1]    ; B           ; 9.096  ; 9.063  ; 9.670  ; 9.637  ;
; In_B[1]    ; C           ; 9.607  ; 9.566  ; 10.181 ; 10.140 ;
; In_B[1]    ; D           ; 9.576  ; 9.518  ; 10.150 ; 10.092 ;
; In_B[1]    ; E           ; 9.580  ; 9.498  ; 10.154 ; 9.976  ;
; In_B[1]    ; F           ; 9.573  ; 9.536  ; 10.147 ; 10.110 ;
; In_B[1]    ; FLAG_N      ; 7.703  ; 7.656  ; 8.181  ; 8.230  ;
; In_B[1]    ; FLAG_Z      ; 10.247 ; 10.219 ; 10.821 ; 10.697 ;
; In_B[1]    ; G           ; 9.602  ; 9.563  ; 10.176 ; 10.137 ;
; In_B[2]    ; A           ; 8.899  ; 8.825  ; 9.338  ; 9.264  ;
; In_B[2]    ; B           ; 8.880  ; 8.832  ; 9.319  ; 9.271  ;
; In_B[2]    ; C           ; 9.418  ; 9.338  ; 9.857  ; 9.777  ;
; In_B[2]    ; D           ; 9.385  ; 9.289  ; 9.824  ; 9.728  ;
; In_B[2]    ; E           ; 9.388  ; 9.301  ; 9.827  ; 9.740  ;
; In_B[2]    ; F           ; 9.385  ; 9.309  ; 9.824  ; 9.748  ;
; In_B[2]    ; FLAG_N      ; 7.057  ; 7.010  ; 7.424  ; 7.473  ;
; In_B[2]    ; FLAG_Z      ; 10.013 ; 9.998  ; 10.452 ; 10.437 ;
; In_B[2]    ; G           ; 9.401  ; 9.323  ; 9.840  ; 9.762  ;
; In_B[3]    ; A           ; 8.387  ; 8.352  ; 8.829  ; 8.794  ;
; In_B[3]    ; B           ; 8.393  ; 8.360  ; 8.835  ; 8.802  ;
; In_B[3]    ; C           ; 8.904  ; 8.863  ; 9.346  ; 9.305  ;
; In_B[3]    ; D           ; 8.873  ; 8.815  ; 9.315  ; 9.257  ;
; In_B[3]    ; E           ; 8.877  ; 8.767  ; 9.319  ; 9.209  ;
; In_B[3]    ; F           ; 8.870  ; 8.833  ; 9.312  ; 9.275  ;
; In_B[3]    ; FLAG_N      ; 6.972  ; 6.953  ; 7.414  ; 7.395  ;
; In_B[3]    ; FLAG_Z      ; 9.544  ; 9.488  ; 9.986  ; 9.930  ;
; In_B[3]    ; G           ; 8.899  ; 8.860  ; 9.341  ; 9.302  ;
; op_sel[0]  ; A           ; 8.784  ; 8.718  ; 9.234  ; 9.168  ;
; op_sel[0]  ; B           ; 8.746  ; 8.698  ; 9.196  ; 9.148  ;
; op_sel[0]  ; C           ; 9.261  ; 9.208  ; 9.711  ; 9.658  ;
; op_sel[0]  ; D           ; 9.269  ; 9.176  ; 9.719  ; 9.626  ;
; op_sel[0]  ; E           ; 9.258  ; 9.182  ; 9.708  ; 9.632  ;
; op_sel[0]  ; F           ; 9.229  ; 9.180  ; 9.679  ; 9.630  ;
; op_sel[0]  ; FLAG_N      ; 6.870  ; 6.851  ; 7.321  ; 7.302  ;
; op_sel[0]  ; FLAG_Z      ; 9.886  ; 9.868  ; 10.336 ; 10.318 ;
; op_sel[0]  ; G           ; 9.285  ; 9.210  ; 9.735  ; 9.660  ;
; op_sel[1]  ; A           ; 9.102  ; 9.036  ; 9.560  ; 9.494  ;
; op_sel[1]  ; B           ; 9.064  ; 9.016  ; 9.522  ; 9.474  ;
; op_sel[1]  ; C           ; 9.579  ; 9.526  ; 10.037 ; 9.984  ;
; op_sel[1]  ; D           ; 9.587  ; 9.494  ; 10.045 ; 9.952  ;
; op_sel[1]  ; E           ; 9.576  ; 9.500  ; 10.034 ; 9.958  ;
; op_sel[1]  ; F           ; 9.547  ; 9.498  ; 10.005 ; 9.956  ;
; op_sel[1]  ; FLAG_N      ; 7.186  ; 7.167  ; 7.641  ; 7.622  ;
; op_sel[1]  ; FLAG_Z      ; 10.204 ; 10.186 ; 10.662 ; 10.644 ;
; op_sel[1]  ; G           ; 9.603  ; 9.528  ; 10.061 ; 9.986  ;
+------------+-------------+--------+--------+--------+--------+


+----------------------------------------------------------+
; Minimum Progagation Delay                                ;
+------------+-------------+-------+-------+-------+-------+
; Input Port ; Output Port ; RR    ; RF    ; FR    ; FF    ;
+------------+-------------+-------+-------+-------+-------+
; In_A[0]    ; A           ; 4.517 ; 4.543 ; 5.077 ; 5.103 ;
; In_A[0]    ; B           ; 4.518 ; 4.544 ; 5.078 ; 5.104 ;
; In_A[0]    ; C           ; 4.900 ; 4.833 ; 5.453 ; 5.393 ;
; In_A[0]    ; D           ; 4.762 ; 4.816 ; 5.322 ; 5.376 ;
; In_A[0]    ; E           ; 4.765 ; 4.933 ; 5.325 ; 5.486 ;
; In_A[0]    ; F           ; 4.762 ; 4.923 ; 5.322 ; 5.476 ;
; In_A[0]    ; FLAG_N      ; 4.302 ; 4.297 ; 4.885 ; 4.932 ;
; In_A[0]    ; FLAG_Z      ; 5.437 ; 5.235 ; 5.990 ; 5.795 ;
; In_A[0]    ; G           ; 4.767 ; 4.821 ; 5.327 ; 5.381 ;
; In_A[1]    ; A           ; 4.802 ; 4.815 ; 5.364 ; 5.377 ;
; In_A[1]    ; B           ; 4.783 ; 4.826 ; 5.345 ; 5.388 ;
; In_A[1]    ; C           ; 5.048 ; 5.167 ; 5.610 ; 5.741 ;
; In_A[1]    ; D           ; 5.033 ; 5.087 ; 5.595 ; 5.649 ;
; In_A[1]    ; E           ; 5.103 ; 5.084 ; 5.677 ; 5.646 ;
; In_A[1]    ; F           ; 5.036 ; 5.105 ; 5.598 ; 5.667 ;
; In_A[1]    ; FLAG_N      ; 4.425 ; 4.420 ; 5.018 ; 5.065 ;
; In_A[1]    ; FLAG_Z      ; 5.732 ; 5.502 ; 6.287 ; 6.064 ;
; In_A[1]    ; G           ; 5.035 ; 5.091 ; 5.597 ; 5.653 ;
; In_A[2]    ; A           ; 4.822 ; 4.843 ; 5.365 ; 5.391 ;
; In_A[2]    ; B           ; 4.826 ; 4.849 ; 5.367 ; 5.419 ;
; In_A[2]    ; C           ; 5.088 ; 5.136 ; 5.632 ; 5.685 ;
; In_A[2]    ; D           ; 5.076 ; 5.117 ; 5.618 ; 5.664 ;
; In_A[2]    ; E           ; 5.080 ; 5.115 ; 5.621 ; 5.661 ;
; In_A[2]    ; F           ; 5.076 ; 5.119 ; 5.621 ; 5.669 ;
; In_A[2]    ; FLAG_N      ; 4.188 ; 4.183 ; 4.758 ; 4.805 ;
; In_A[2]    ; FLAG_Z      ; 5.708 ; 5.511 ; 6.284 ; 6.052 ;
; In_A[2]    ; G           ; 5.078 ; 5.126 ; 5.619 ; 5.667 ;
; In_A[3]    ; A           ; 4.445 ; 4.466 ; 4.986 ; 5.007 ;
; In_A[3]    ; B           ; 4.449 ; 4.472 ; 4.990 ; 5.013 ;
; In_A[3]    ; C           ; 4.711 ; 4.759 ; 5.252 ; 5.300 ;
; In_A[3]    ; D           ; 4.699 ; 4.740 ; 5.240 ; 5.281 ;
; In_A[3]    ; E           ; 4.816 ; 4.738 ; 5.357 ; 5.279 ;
; In_A[3]    ; F           ; 4.699 ; 4.742 ; 5.240 ; 5.283 ;
; In_A[3]    ; FLAG_N      ; 3.811 ; 3.834 ; 4.352 ; 4.375 ;
; In_A[3]    ; FLAG_Z      ; 5.359 ; 5.139 ; 5.900 ; 5.680 ;
; In_A[3]    ; G           ; 4.707 ; 4.750 ; 5.248 ; 5.291 ;
; In_B[0]    ; A           ; 4.602 ; 4.621 ; 5.153 ; 5.172 ;
; In_B[0]    ; B           ; 4.589 ; 4.629 ; 5.140 ; 5.180 ;
; In_B[0]    ; C           ; 4.854 ; 4.918 ; 5.405 ; 5.469 ;
; In_B[0]    ; D           ; 4.839 ; 4.893 ; 5.390 ; 5.444 ;
; In_B[0]    ; E           ; 4.850 ; 4.890 ; 5.401 ; 5.441 ;
; In_B[0]    ; F           ; 4.842 ; 4.911 ; 5.393 ; 5.462 ;
; In_B[0]    ; FLAG_N      ; 4.383 ; 4.378 ; 4.980 ; 5.027 ;
; In_B[0]    ; FLAG_Z      ; 5.509 ; 5.308 ; 6.079 ; 5.859 ;
; In_B[0]    ; G           ; 4.841 ; 4.897 ; 5.392 ; 5.448 ;
; In_B[1]    ; A           ; 4.825 ; 4.851 ; 5.387 ; 5.400 ;
; In_B[1]    ; B           ; 4.827 ; 4.870 ; 5.368 ; 5.411 ;
; In_B[1]    ; C           ; 5.092 ; 5.145 ; 5.633 ; 5.717 ;
; In_B[1]    ; D           ; 5.077 ; 5.124 ; 5.618 ; 5.672 ;
; In_B[1]    ; E           ; 5.081 ; 5.121 ; 5.653 ; 5.669 ;
; In_B[1]    ; F           ; 5.080 ; 5.129 ; 5.621 ; 5.690 ;
; In_B[1]    ; FLAG_N      ; 4.403 ; 4.398 ; 4.994 ; 5.041 ;
; In_B[1]    ; FLAG_Z      ; 5.711 ; 5.512 ; 6.302 ; 6.084 ;
; In_B[1]    ; G           ; 5.079 ; 5.127 ; 5.620 ; 5.676 ;
; In_B[2]    ; A           ; 4.721 ; 4.742 ; 5.275 ; 5.296 ;
; In_B[2]    ; B           ; 4.725 ; 4.748 ; 5.279 ; 5.302 ;
; In_B[2]    ; C           ; 4.987 ; 5.035 ; 5.541 ; 5.589 ;
; In_B[2]    ; D           ; 4.975 ; 5.016 ; 5.529 ; 5.570 ;
; In_B[2]    ; E           ; 5.064 ; 5.014 ; 5.670 ; 5.568 ;
; In_B[2]    ; F           ; 4.975 ; 5.018 ; 5.529 ; 5.572 ;
; In_B[2]    ; FLAG_N      ; 4.087 ; 4.082 ; 4.641 ; 4.688 ;
; In_B[2]    ; FLAG_Z      ; 5.607 ; 5.415 ; 6.213 ; 5.969 ;
; In_B[2]    ; G           ; 4.983 ; 5.026 ; 5.537 ; 5.580 ;
; In_B[3]    ; A           ; 4.691 ; 4.712 ; 5.232 ; 5.253 ;
; In_B[3]    ; B           ; 4.695 ; 4.718 ; 5.236 ; 5.259 ;
; In_B[3]    ; C           ; 4.957 ; 5.005 ; 5.498 ; 5.546 ;
; In_B[3]    ; D           ; 4.945 ; 4.986 ; 5.486 ; 5.527 ;
; In_B[3]    ; E           ; 5.062 ; 4.984 ; 5.603 ; 5.525 ;
; In_B[3]    ; F           ; 4.945 ; 4.988 ; 5.486 ; 5.529 ;
; In_B[3]    ; FLAG_N      ; 4.057 ; 4.080 ; 4.598 ; 4.621 ;
; In_B[3]    ; FLAG_Z      ; 5.605 ; 5.385 ; 6.146 ; 5.926 ;
; In_B[3]    ; G           ; 4.953 ; 4.996 ; 5.494 ; 5.537 ;
; op_sel[0]  ; A           ; 4.346 ; 4.367 ; 4.874 ; 4.895 ;
; op_sel[0]  ; B           ; 4.350 ; 4.373 ; 4.878 ; 4.901 ;
; op_sel[0]  ; C           ; 4.612 ; 4.660 ; 5.140 ; 5.188 ;
; op_sel[0]  ; D           ; 4.600 ; 4.641 ; 5.128 ; 5.169 ;
; op_sel[0]  ; E           ; 4.712 ; 4.639 ; 5.259 ; 5.167 ;
; op_sel[0]  ; F           ; 4.600 ; 4.643 ; 5.128 ; 5.171 ;
; op_sel[0]  ; FLAG_N      ; 3.712 ; 3.730 ; 4.240 ; 4.277 ;
; op_sel[0]  ; FLAG_Z      ; 5.255 ; 5.040 ; 5.802 ; 5.568 ;
; op_sel[0]  ; G           ; 4.608 ; 4.651 ; 5.136 ; 5.179 ;
; op_sel[1]  ; A           ; 4.590 ; 4.616 ; 5.165 ; 5.191 ;
; op_sel[1]  ; B           ; 4.592 ; 4.643 ; 5.167 ; 5.275 ;
; op_sel[1]  ; C           ; 4.857 ; 4.910 ; 5.432 ; 5.485 ;
; op_sel[1]  ; D           ; 4.843 ; 4.889 ; 5.418 ; 5.464 ;
; op_sel[1]  ; E           ; 4.846 ; 4.886 ; 5.421 ; 5.461 ;
; op_sel[1]  ; F           ; 4.846 ; 4.894 ; 5.421 ; 5.469 ;
; op_sel[1]  ; FLAG_N      ; 3.982 ; 4.052 ; 4.614 ; 4.597 ;
; op_sel[1]  ; FLAG_Z      ; 5.481 ; 5.277 ; 6.049 ; 5.852 ;
; op_sel[1]  ; G           ; 4.844 ; 4.892 ; 5.419 ; 5.467 ;
+------------+-------------+-------+-------+-------+-------+


+------------------------------------------------------------------------------------------------------------------------------------------------------------------------------------------------------------------------------------------------------------------------------------------------------------------------------------------------------------------------------------------------------------------+
; Board Trace Model Assignments                                                                                                                                                                                                                                                                                                                                                                                    ;
+---------------+--------------+-------------------+-------------------------+-------------------------+---------------+---------------------+----------------+------------------+--------+------------------+------------------------+------------------------+--------------+---------------+-----------------+-------+---------------------+--------------------+---------------+-----------------+-------------+
; Pin           ; I/O Standard ; Near Tline Length ; Near Tline L per Length ; Near Tline C per Length ; Near Series R ; Near Differential R ; Near Pull-up R ; Near Pull-down R ; Near C ; Far Tline Length ; Far Tline L per Length ; Far Tline C per Length ; Far Series R ; Far Pull-up R ; Far Pull-down R ; Far C ; Termination Voltage ; Far Differential R ; EBD File Name ; EBD Signal Name ; EBD Far-end ;
+---------------+--------------+-------------------+-------------------------+-------------------------+---------------+---------------------+----------------+------------------+--------+------------------+------------------------+------------------------+--------------+---------------+-----------------+-------+---------------------+--------------------+---------------+-----------------+-------------+
; FLAG_Z        ; 2.5 V        ; 0 in              ; 0 H/in                  ; 0 F/in                  ; short         ; -                   ; open           ; open             ; open   ; 0 in             ; 0 H/in                 ; 0 F/in                 ; short        ; open          ; open            ; open  ; 0 V                 ; -                  ; n/a           ; n/a             ; n/a         ;
; FLAG_N        ; 2.5 V        ; 0 in              ; 0 H/in                  ; 0 F/in                  ; short         ; -                   ; open           ; open             ; open   ; 0 in             ; 0 H/in                 ; 0 F/in                 ; short        ; open          ; open            ; open  ; 0 V                 ; -                  ; n/a           ; n/a             ; n/a         ;
; A             ; 2.5 V        ; 0 in              ; 0 H/in                  ; 0 F/in                  ; short         ; -                   ; open           ; open             ; open   ; 0 in             ; 0 H/in                 ; 0 F/in                 ; short        ; open          ; open            ; open  ; 0 V                 ; -                  ; n/a           ; n/a             ; n/a         ;
; B             ; 2.5 V        ; 0 in              ; 0 H/in                  ; 0 F/in                  ; short         ; -                   ; open           ; open             ; open   ; 0 in             ; 0 H/in                 ; 0 F/in                 ; short        ; open          ; open            ; open  ; 0 V                 ; -                  ; n/a           ; n/a             ; n/a         ;
; C             ; 2.5 V        ; 0 in              ; 0 H/in                  ; 0 F/in                  ; short         ; -                   ; open           ; open             ; open   ; 0 in             ; 0 H/in                 ; 0 F/in                 ; short        ; open          ; open            ; open  ; 0 V                 ; -                  ; n/a           ; n/a             ; n/a         ;
; D             ; 2.5 V        ; 0 in              ; 0 H/in                  ; 0 F/in                  ; short         ; -                   ; open           ; open             ; open   ; 0 in             ; 0 H/in                 ; 0 F/in                 ; short        ; open          ; open            ; open  ; 0 V                 ; -                  ; n/a           ; n/a             ; n/a         ;
; E             ; 2.5 V        ; 0 in              ; 0 H/in                  ; 0 F/in                  ; short         ; -                   ; open           ; open             ; open   ; 0 in             ; 0 H/in                 ; 0 F/in                 ; short        ; open          ; open            ; open  ; 0 V                 ; -                  ; n/a           ; n/a             ; n/a         ;
; F             ; 2.5 V        ; 0 in              ; 0 H/in                  ; 0 F/in                  ; short         ; -                   ; open           ; open             ; open   ; 0 in             ; 0 H/in                 ; 0 F/in                 ; short        ; open          ; open            ; open  ; 0 V                 ; -                  ; n/a           ; n/a             ; n/a         ;
; G             ; 2.5 V        ; 0 in              ; 0 H/in                  ; 0 F/in                  ; short         ; -                   ; open           ; open             ; open   ; 0 in             ; 0 H/in                 ; 0 F/in                 ; short        ; open          ; open            ; open  ; 0 V                 ; -                  ; n/a           ; n/a             ; n/a         ;
; ~ALTERA_DCLK~ ; 2.5 V        ; 0 in              ; 0 H/in                  ; 0 F/in                  ; short         ; -                   ; open           ; open             ; open   ; 0 in             ; 0 H/in                 ; 0 F/in                 ; short        ; open          ; open            ; open  ; 0 V                 ; -                  ; n/a           ; n/a             ; n/a         ;
; ~ALTERA_nCEO~ ; 2.5 V        ; 0 in              ; 0 H/in                  ; 0 F/in                  ; short         ; -                   ; open           ; open             ; open   ; 0 in             ; 0 H/in                 ; 0 F/in                 ; short        ; open          ; open            ; open  ; 0 V                 ; -                  ; n/a           ; n/a             ; n/a         ;
+---------------+--------------+-------------------+-------------------------+-------------------------+---------------+---------------------+----------------+------------------+--------+------------------+------------------------+------------------------+--------------+---------------+-----------------+-------+---------------------+--------------------+---------------+-----------------+-------------+


+----------------------------------------------------------------------------+
; Input Transition Times                                                     ;
+-------------------------+--------------+-----------------+-----------------+
; Pin                     ; I/O Standard ; 10-90 Rise Time ; 90-10 Fall Time ;
+-------------------------+--------------+-----------------+-----------------+
; In_A[0]                 ; 2.5 V        ; 2000 ps         ; 2000 ps         ;
; In_B[0]                 ; 2.5 V        ; 2000 ps         ; 2000 ps         ;
; In_B[1]                 ; 2.5 V        ; 2000 ps         ; 2000 ps         ;
; In_A[1]                 ; 2.5 V        ; 2000 ps         ; 2000 ps         ;
; op_sel[0]               ; 2.5 V        ; 2000 ps         ; 2000 ps         ;
; op_sel[1]               ; 2.5 V        ; 2000 ps         ; 2000 ps         ;
; In_B[2]                 ; 2.5 V        ; 2000 ps         ; 2000 ps         ;
; In_A[2]                 ; 2.5 V        ; 2000 ps         ; 2000 ps         ;
; In_B[3]                 ; 2.5 V        ; 2000 ps         ; 2000 ps         ;
; In_A[3]                 ; 2.5 V        ; 2000 ps         ; 2000 ps         ;
; ~ALTERA_ASDO_DATA1~     ; 2.5 V        ; 2000 ps         ; 2000 ps         ;
; ~ALTERA_FLASH_nCE_nCSO~ ; 2.5 V        ; 2000 ps         ; 2000 ps         ;
; ~ALTERA_DATA0~          ; 2.5 V        ; 2000 ps         ; 2000 ps         ;
+-------------------------+--------------+-----------------+-----------------+


+--------------------------------------------------------------------------------------------------------------------------------------------------------------------------------------------------------------------------------------------------------------------------------------------------------------------------------------------------------------------------------------------------------------------------------------------------------------------------------------------------------------------------------------------------------------------------------------------------------------------------------------------------------------------------------------------+
; Slow Corner Signal Integrity Metrics                                                                                                                                                                                                                                                                                                                                                                                                                                                                                                                                                                                                                                                       ;
+---------------+--------------+---------------------+---------------------+------------------------------+------------------------------+---------------------+---------------------+--------------------------------------+--------------------------------------+-----------------------------+-----------------------------+----------------------------+----------------------------+-----------------------------+-----------------------------+--------------------+--------------------+-------------------------------------+-------------------------------------+----------------------------+----------------------------+---------------------------+---------------------------+
; Pin           ; I/O Standard ; Board Delay on Rise ; Board Delay on Fall ; Steady State Voh at FPGA Pin ; Steady State Vol at FPGA Pin ; Voh Max at FPGA Pin ; Vol Min at FPGA Pin ; Ringback Voltage on Rise at FPGA Pin ; Ringback Voltage on Fall at FPGA Pin ; 10-90 Rise Time at FPGA Pin ; 90-10 Fall Time at FPGA Pin ; Monotonic Rise at FPGA Pin ; Monotonic Fall at FPGA Pin ; Steady State Voh at Far-end ; Steady State Vol at Far-end ; Voh Max at Far-end ; Vol Min at Far-end ; Ringback Voltage on Rise at Far-end ; Ringback Voltage on Fall at Far-end ; 10-90 Rise Time at Far-end ; 90-10 Fall Time at Far-end ; Monotonic Rise at Far-end ; Monotonic Fall at Far-end ;
+---------------+--------------+---------------------+---------------------+------------------------------+------------------------------+---------------------+---------------------+--------------------------------------+--------------------------------------+-----------------------------+-----------------------------+----------------------------+----------------------------+-----------------------------+-----------------------------+--------------------+--------------------+-------------------------------------+-------------------------------------+----------------------------+----------------------------+---------------------------+---------------------------+
; FLAG_Z        ; 2.5 V        ; 0 s                 ; 0 s                 ; 2.32 V                       ; 7.25e-07 V                   ; 2.35 V              ; -0.0111 V           ; 0.113 V                              ; 0.035 V                              ; 7.76e-10 s                  ; 8.04e-10 s                  ; Yes                        ; Yes                        ; 2.32 V                      ; 7.25e-07 V                  ; 2.35 V             ; -0.0111 V          ; 0.113 V                             ; 0.035 V                             ; 7.76e-10 s                 ; 8.04e-10 s                 ; Yes                       ; Yes                       ;
; FLAG_N        ; 2.5 V        ; 0 s                 ; 0 s                 ; 2.32 V                       ; 7.25e-07 V                   ; 2.35 V              ; -0.0111 V           ; 0.113 V                              ; 0.035 V                              ; 7.76e-10 s                  ; 8.04e-10 s                  ; Yes                        ; Yes                        ; 2.32 V                      ; 7.25e-07 V                  ; 2.35 V             ; -0.0111 V          ; 0.113 V                             ; 0.035 V                             ; 7.76e-10 s                 ; 8.04e-10 s                 ; Yes                       ; Yes                       ;
; A             ; 2.5 V        ; 0 s                 ; 0 s                 ; 2.32 V                       ; 1.08e-06 V                   ; 2.36 V              ; -0.0113 V           ; 0.122 V                              ; 0.022 V                              ; 4.5e-10 s                   ; 4.45e-10 s                  ; Yes                        ; Yes                        ; 2.32 V                      ; 1.08e-06 V                  ; 2.36 V             ; -0.0113 V          ; 0.122 V                             ; 0.022 V                             ; 4.5e-10 s                  ; 4.45e-10 s                 ; Yes                       ; Yes                       ;
; B             ; 2.5 V        ; 0 s                 ; 0 s                 ; 2.32 V                       ; 1.08e-06 V                   ; 2.36 V              ; -0.0113 V           ; 0.122 V                              ; 0.022 V                              ; 4.5e-10 s                   ; 4.45e-10 s                  ; Yes                        ; Yes                        ; 2.32 V                      ; 1.08e-06 V                  ; 2.36 V             ; -0.0113 V          ; 0.122 V                             ; 0.022 V                             ; 4.5e-10 s                  ; 4.45e-10 s                 ; Yes                       ; Yes                       ;
; C             ; 2.5 V        ; 0 s                 ; 0 s                 ; 2.32 V                       ; 1.08e-06 V                   ; 2.36 V              ; -0.0113 V           ; 0.122 V                              ; 0.022 V                              ; 4.5e-10 s                   ; 4.45e-10 s                  ; Yes                        ; Yes                        ; 2.32 V                      ; 1.08e-06 V                  ; 2.36 V             ; -0.0113 V          ; 0.122 V                             ; 0.022 V                             ; 4.5e-10 s                  ; 4.45e-10 s                 ; Yes                       ; Yes                       ;
; D             ; 2.5 V        ; 0 s                 ; 0 s                 ; 2.32 V                       ; 1.08e-06 V                   ; 2.36 V              ; -0.0113 V           ; 0.122 V                              ; 0.022 V                              ; 4.5e-10 s                   ; 4.45e-10 s                  ; Yes                        ; Yes                        ; 2.32 V                      ; 1.08e-06 V                  ; 2.36 V             ; -0.0113 V          ; 0.122 V                             ; 0.022 V                             ; 4.5e-10 s                  ; 4.45e-10 s                 ; Yes                       ; Yes                       ;
; E             ; 2.5 V        ; 0 s                 ; 0 s                 ; 2.32 V                       ; 1.08e-06 V                   ; 2.36 V              ; -0.0113 V           ; 0.122 V                              ; 0.022 V                              ; 4.5e-10 s                   ; 4.45e-10 s                  ; Yes                        ; Yes                        ; 2.32 V                      ; 1.08e-06 V                  ; 2.36 V             ; -0.0113 V          ; 0.122 V                             ; 0.022 V                             ; 4.5e-10 s                  ; 4.45e-10 s                 ; Yes                       ; Yes                       ;
; F             ; 2.5 V        ; 0 s                 ; 0 s                 ; 2.32 V                       ; 1.08e-06 V                   ; 2.36 V              ; -0.0113 V           ; 0.122 V                              ; 0.022 V                              ; 4.5e-10 s                   ; 4.45e-10 s                  ; Yes                        ; Yes                        ; 2.32 V                      ; 1.08e-06 V                  ; 2.36 V             ; -0.0113 V          ; 0.122 V                             ; 0.022 V                             ; 4.5e-10 s                  ; 4.45e-10 s                 ; Yes                       ; Yes                       ;
; G             ; 2.5 V        ; 0 s                 ; 0 s                 ; 2.32 V                       ; 1.08e-06 V                   ; 2.36 V              ; -0.0113 V           ; 0.122 V                              ; 0.022 V                              ; 4.5e-10 s                   ; 4.45e-10 s                  ; Yes                        ; Yes                        ; 2.32 V                      ; 1.08e-06 V                  ; 2.36 V             ; -0.0113 V          ; 0.122 V                             ; 0.022 V                             ; 4.5e-10 s                  ; 4.45e-10 s                 ; Yes                       ; Yes                       ;
; ~ALTERA_DCLK~ ; 2.5 V        ; 0 s                 ; 0 s                 ; 2.32 V                       ; 5.68e-07 V                   ; 2.35 V              ; -0.0132 V           ; 0.2 V                                ; 0.027 V                              ; 5.26e-10 s                  ; 4.81e-10 s                  ; Yes                        ; Yes                        ; 2.32 V                      ; 5.68e-07 V                  ; 2.35 V             ; -0.0132 V          ; 0.2 V                               ; 0.027 V                             ; 5.26e-10 s                 ; 4.81e-10 s                 ; Yes                       ; Yes                       ;
; ~ALTERA_nCEO~ ; 2.5 V        ; 0 s                 ; 0 s                 ; 2.32 V                       ; 9.36e-07 V                   ; 2.35 V              ; -0.00444 V          ; 0.18 V                               ; 0.019 V                              ; 7.23e-10 s                  ; 9.82e-10 s                  ; Yes                        ; Yes                        ; 2.32 V                      ; 9.36e-07 V                  ; 2.35 V             ; -0.00444 V         ; 0.18 V                              ; 0.019 V                             ; 7.23e-10 s                 ; 9.82e-10 s                 ; Yes                       ; Yes                       ;
+---------------+--------------+---------------------+---------------------+------------------------------+------------------------------+---------------------+---------------------+--------------------------------------+--------------------------------------+-----------------------------+-----------------------------+----------------------------+----------------------------+-----------------------------+-----------------------------+--------------------+--------------------+-------------------------------------+-------------------------------------+----------------------------+----------------------------+---------------------------+---------------------------+


+--------------------------------------------------------------------------------------------------------------------------------------------------------------------------------------------------------------------------------------------------------------------------------------------------------------------------------------------------------------------------------------------------------------------------------------------------------------------------------------------------------------------------------------------------------------------------------------------------------------------------------------------------------------------------------------------+
; Fast Corner Signal Integrity Metrics                                                                                                                                                                                                                                                                                                                                                                                                                                                                                                                                                                                                                                                       ;
+---------------+--------------+---------------------+---------------------+------------------------------+------------------------------+---------------------+---------------------+--------------------------------------+--------------------------------------+-----------------------------+-----------------------------+----------------------------+----------------------------+-----------------------------+-----------------------------+--------------------+--------------------+-------------------------------------+-------------------------------------+----------------------------+----------------------------+---------------------------+---------------------------+
; Pin           ; I/O Standard ; Board Delay on Rise ; Board Delay on Fall ; Steady State Voh at FPGA Pin ; Steady State Vol at FPGA Pin ; Voh Max at FPGA Pin ; Vol Min at FPGA Pin ; Ringback Voltage on Rise at FPGA Pin ; Ringback Voltage on Fall at FPGA Pin ; 10-90 Rise Time at FPGA Pin ; 90-10 Fall Time at FPGA Pin ; Monotonic Rise at FPGA Pin ; Monotonic Fall at FPGA Pin ; Steady State Voh at Far-end ; Steady State Vol at Far-end ; Voh Max at Far-end ; Vol Min at Far-end ; Ringback Voltage on Rise at Far-end ; Ringback Voltage on Fall at Far-end ; 10-90 Rise Time at Far-end ; 90-10 Fall Time at Far-end ; Monotonic Rise at Far-end ; Monotonic Fall at Far-end ;
+---------------+--------------+---------------------+---------------------+------------------------------+------------------------------+---------------------+---------------------+--------------------------------------+--------------------------------------+-----------------------------+-----------------------------+----------------------------+----------------------------+-----------------------------+-----------------------------+--------------------+--------------------+-------------------------------------+-------------------------------------+----------------------------+----------------------------+---------------------------+---------------------------+
; FLAG_Z        ; 2.5 V        ; 0 s                 ; 0 s                 ; 2.62 V                       ; 2.78e-08 V                   ; 2.71 V              ; -0.0349 V           ; 0.253 V                              ; 0.069 V                              ; 4.96e-10 s                  ; 5.19e-10 s                  ; No                         ; Yes                        ; 2.62 V                      ; 2.78e-08 V                  ; 2.71 V             ; -0.0349 V          ; 0.253 V                             ; 0.069 V                             ; 4.96e-10 s                 ; 5.19e-10 s                 ; No                        ; Yes                       ;
; FLAG_N        ; 2.5 V        ; 0 s                 ; 0 s                 ; 2.62 V                       ; 2.78e-08 V                   ; 2.71 V              ; -0.0349 V           ; 0.253 V                              ; 0.069 V                              ; 4.96e-10 s                  ; 5.19e-10 s                  ; No                         ; Yes                        ; 2.62 V                      ; 2.78e-08 V                  ; 2.71 V             ; -0.0349 V          ; 0.253 V                             ; 0.069 V                             ; 4.96e-10 s                 ; 5.19e-10 s                 ; No                        ; Yes                       ;
; A             ; 2.5 V        ; 0 s                 ; 0 s                 ; 2.62 V                       ; 4.11e-08 V                   ; 2.73 V              ; -0.0566 V           ; 0.191 V                              ; 0.12 V                               ; 2.69e-10 s                  ; 2.76e-10 s                  ; Yes                        ; Yes                        ; 2.62 V                      ; 4.11e-08 V                  ; 2.73 V             ; -0.0566 V          ; 0.191 V                             ; 0.12 V                              ; 2.69e-10 s                 ; 2.76e-10 s                 ; Yes                       ; Yes                       ;
; B             ; 2.5 V        ; 0 s                 ; 0 s                 ; 2.62 V                       ; 4.11e-08 V                   ; 2.73 V              ; -0.0566 V           ; 0.191 V                              ; 0.12 V                               ; 2.69e-10 s                  ; 2.76e-10 s                  ; Yes                        ; Yes                        ; 2.62 V                      ; 4.11e-08 V                  ; 2.73 V             ; -0.0566 V          ; 0.191 V                             ; 0.12 V                              ; 2.69e-10 s                 ; 2.76e-10 s                 ; Yes                       ; Yes                       ;
; C             ; 2.5 V        ; 0 s                 ; 0 s                 ; 2.62 V                       ; 4.11e-08 V                   ; 2.73 V              ; -0.0566 V           ; 0.191 V                              ; 0.12 V                               ; 2.69e-10 s                  ; 2.76e-10 s                  ; Yes                        ; Yes                        ; 2.62 V                      ; 4.11e-08 V                  ; 2.73 V             ; -0.0566 V          ; 0.191 V                             ; 0.12 V                              ; 2.69e-10 s                 ; 2.76e-10 s                 ; Yes                       ; Yes                       ;
; D             ; 2.5 V        ; 0 s                 ; 0 s                 ; 2.62 V                       ; 4.11e-08 V                   ; 2.73 V              ; -0.0566 V           ; 0.191 V                              ; 0.12 V                               ; 2.69e-10 s                  ; 2.76e-10 s                  ; Yes                        ; Yes                        ; 2.62 V                      ; 4.11e-08 V                  ; 2.73 V             ; -0.0566 V          ; 0.191 V                             ; 0.12 V                              ; 2.69e-10 s                 ; 2.76e-10 s                 ; Yes                       ; Yes                       ;
; E             ; 2.5 V        ; 0 s                 ; 0 s                 ; 2.62 V                       ; 4.11e-08 V                   ; 2.73 V              ; -0.0566 V           ; 0.191 V                              ; 0.12 V                               ; 2.69e-10 s                  ; 2.76e-10 s                  ; Yes                        ; Yes                        ; 2.62 V                      ; 4.11e-08 V                  ; 2.73 V             ; -0.0566 V          ; 0.191 V                             ; 0.12 V                              ; 2.69e-10 s                 ; 2.76e-10 s                 ; Yes                       ; Yes                       ;
; F             ; 2.5 V        ; 0 s                 ; 0 s                 ; 2.62 V                       ; 4.11e-08 V                   ; 2.73 V              ; -0.0566 V           ; 0.191 V                              ; 0.12 V                               ; 2.69e-10 s                  ; 2.76e-10 s                  ; Yes                        ; Yes                        ; 2.62 V                      ; 4.11e-08 V                  ; 2.73 V             ; -0.0566 V          ; 0.191 V                             ; 0.12 V                              ; 2.69e-10 s                 ; 2.76e-10 s                 ; Yes                       ; Yes                       ;
; G             ; 2.5 V        ; 0 s                 ; 0 s                 ; 2.62 V                       ; 4.11e-08 V                   ; 2.73 V              ; -0.0566 V           ; 0.191 V                              ; 0.12 V                               ; 2.69e-10 s                  ; 2.76e-10 s                  ; Yes                        ; Yes                        ; 2.62 V                      ; 4.11e-08 V                  ; 2.73 V             ; -0.0566 V          ; 0.191 V                             ; 0.12 V                              ; 2.69e-10 s                 ; 2.76e-10 s                 ; Yes                       ; Yes                       ;
; ~ALTERA_DCLK~ ; 2.5 V        ; 0 s                 ; 0 s                 ; 2.62 V                       ; 2.22e-08 V                   ; 2.72 V              ; -0.0747 V           ; 0.28 V                               ; 0.169 V                              ; 3.1e-10 s                   ; 3.01e-10 s                  ; No                         ; Yes                        ; 2.62 V                      ; 2.22e-08 V                  ; 2.72 V             ; -0.0747 V          ; 0.28 V                              ; 0.169 V                             ; 3.1e-10 s                  ; 3.01e-10 s                 ; No                        ; Yes                       ;
; ~ALTERA_nCEO~ ; 2.5 V        ; 0 s                 ; 0 s                 ; 2.62 V                       ; 3.53e-08 V                   ; 2.7 V               ; -0.0212 V           ; 0.204 V                              ; 0.049 V                              ; 4.85e-10 s                  ; 6.73e-10 s                  ; No                         ; Yes                        ; 2.62 V                      ; 3.53e-08 V                  ; 2.7 V              ; -0.0212 V          ; 0.204 V                             ; 0.049 V                             ; 4.85e-10 s                 ; 6.73e-10 s                 ; No                        ; Yes                       ;
+---------------+--------------+---------------------+---------------------+------------------------------+------------------------------+---------------------+---------------------+--------------------------------------+--------------------------------------+-----------------------------+-----------------------------+----------------------------+----------------------------+-----------------------------+-----------------------------+--------------------+--------------------+-------------------------------------+-------------------------------------+----------------------------+----------------------------+---------------------------+---------------------------+


-------------------
; Clock Transfers ;
-------------------
Nothing to report.


---------------
; Report TCCS ;
---------------
No dedicated SERDES Transmitter circuitry present in device or used in design


---------------
; Report RSKM ;
---------------
No dedicated SERDES Receiver circuitry present in device or used in design


+------------------------------------------------+
; Unconstrained Paths                            ;
+---------------------------------+-------+------+
; Property                        ; Setup ; Hold ;
+---------------------------------+-------+------+
; Illegal Clocks                  ; 0     ; 0    ;
; Unconstrained Clocks            ; 0     ; 0    ;
; Unconstrained Input Ports       ; 10    ; 10   ;
; Unconstrained Input Port Paths  ; 90    ; 90   ;
; Unconstrained Output Ports      ; 9     ; 9    ;
; Unconstrained Output Port Paths ; 90    ; 90   ;
+---------------------------------+-------+------+


+------------------------------------+
; TimeQuest Timing Analyzer Messages ;
+------------------------------------+
Info: *******************************************************************
Info: Running Quartus II 64-Bit TimeQuest Timing Analyzer
    Info: Version 13.0.1 Build 232 06/12/2013 Service Pack 1 SJ Web Edition
    Info: Processing started: Wed Dec 06 19:04:38 2023
Info: Command: quartus_sta Lab04 -c Lab04
Info: qsta_default_script.tcl version: #1
Warning (20028): Parallel compilation is not licensed and has been disabled
Info (21077): Low junction temperature is 0 degrees C
Info (21077): High junction temperature is 85 degrees C
Critical Warning (332012): Synopsys Design Constraints File file not found: 'Lab04.sdc'. A Synopsys Design Constraints File is required by the TimeQuest Timing Analyzer to get proper timing constraints. Without it, the Compiler will not properly optimize the design.
Info (332142): No user constrained base clocks found in the design. Calling "derive_clocks -period 1.0"
Info (332096): The command derive_clocks did not find any clocks to derive.  No clocks were created or changed.
Warning (332068): No clocks defined in design.
Info (332143): No user constrained clock uncertainty found in the design. Calling "derive_clock_uncertainty"
Info (332154): The derive_clock_uncertainty command did not apply clock uncertainty to any clock-to-clock transfers.
Info: Found TIMEQUEST_REPORT_SCRIPT_INCLUDE_DEFAULT_ANALYSIS = ON
Info (332159): No clocks to report
Info: Analyzing Slow 1200mV 85C Model
Info (332140): No fmax paths to report
Info (332140): No Setup paths to report
Info (332140): No Hold paths to report
Info (332140): No Recovery paths to report
Info (332140): No Removal paths to report
Info (332140): No Minimum Pulse Width paths to report
Info: Analyzing Slow 1200mV 0C Model
Info (334003): Started post-fitting delay annotation
Info (334004): Delay annotation completed successfully
Info (332142): No user constrained base clocks found in the design. Calling "derive_clocks -period 1.0"
Info (332096): The command derive_clocks did not find any clocks to derive.  No clocks were created or changed.
Warning (332068): No clocks defined in design.
Info (332154): The derive_clock_uncertainty command did not apply clock uncertainty to any clock-to-clock transfers.
Info (332140): No fmax paths to report
Info (332140): No Setup paths to report
Info (332140): No Hold paths to report
Info (332140): No Recovery paths to report
Info (332140): No Removal paths to report
Info (332140): No Minimum Pulse Width paths to report
Info: Analyzing Fast 1200mV 0C Model
Info (332142): No user constrained base clocks found in the design. Calling "derive_clocks -period 1.0"
Info (332096): The command derive_clocks did not find any clocks to derive.  No clocks were created or changed.
Warning (332068): No clocks defined in design.
Info (332154): The derive_clock_uncertainty command did not apply clock uncertainty to any clock-to-clock transfers.
Info (332140): No Setup paths to report
Info (332140): No Hold paths to report
Info (332140): No Recovery paths to report
Info (332140): No Removal paths to report
Info (332140): No Minimum Pulse Width paths to report
Info (332102): Design is not fully constrained for setup requirements
Info (332102): Design is not fully constrained for hold requirements
Info: Quartus II 64-Bit TimeQuest Timing Analyzer was successful. 0 errors, 5 warnings
    Info: Peak virtual memory: 4581 megabytes
    Info: Processing ended: Wed Dec 06 19:04:40 2023
    Info: Elapsed time: 00:00:02
    Info: Total CPU time (on all processors): 00:00:02


